Archive member included to satisfy reference by file (symbol)

d:/armgcc/9 2020-q2-update/bin/../lib/gcc/arm-none-eabi/9.3.1/../../../../arm-none-eabi/lib/thumb/v7-m/nofp\libc_nano.a(lib_a-exit.o)
                              d:/armgcc/9 2020-q2-update/bin/../lib/gcc/arm-none-eabi/9.3.1/../../../../arm-none-eabi/lib/thumb/v7-m/nofp/crt0.o (exit)
d:/armgcc/9 2020-q2-update/bin/../lib/gcc/arm-none-eabi/9.3.1/../../../../arm-none-eabi/lib/thumb/v7-m/nofp\libc_nano.a(lib_a-impure.o)
                              d:/armgcc/9 2020-q2-update/bin/../lib/gcc/arm-none-eabi/9.3.1/../../../../arm-none-eabi/lib/thumb/v7-m/nofp\libc_nano.a(lib_a-exit.o) (_global_impure_ptr)
d:/armgcc/9 2020-q2-update/bin/../lib/gcc/arm-none-eabi/9.3.1/../../../../arm-none-eabi/lib/thumb/v7-m/nofp\libc_nano.a(lib_a-init.o)
                              d:/armgcc/9 2020-q2-update/bin/../lib/gcc/arm-none-eabi/9.3.1/../../../../arm-none-eabi/lib/thumb/v7-m/nofp/crt0.o (__libc_init_array)
d:/armgcc/9 2020-q2-update/bin/../lib/gcc/arm-none-eabi/9.3.1/../../../../arm-none-eabi/lib/thumb/v7-m/nofp\libc_nano.a(lib_a-memset.o)
                              d:/armgcc/9 2020-q2-update/bin/../lib/gcc/arm-none-eabi/9.3.1/../../../../arm-none-eabi/lib/thumb/v7-m/nofp/crt0.o (memset)
d:/armgcc/9 2020-q2-update/bin/../lib/gcc/arm-none-eabi/9.3.1/../../../../arm-none-eabi/lib/thumb/v7-m/nofp\libc_nano.a(lib_a-nano-vfprintf_float.o)
                              (_printf_float)
d:/armgcc/9 2020-q2-update/bin/../lib/gcc/arm-none-eabi/9.3.1/../../../../arm-none-eabi/lib/thumb/v7-m/nofp\libc_nano.a(lib_a-nano-vfprintf_i.o)
                              d:/armgcc/9 2020-q2-update/bin/../lib/gcc/arm-none-eabi/9.3.1/../../../../arm-none-eabi/lib/thumb/v7-m/nofp\libc_nano.a(lib_a-nano-vfprintf_float.o) (_printf_common)
d:/armgcc/9 2020-q2-update/bin/../lib/gcc/arm-none-eabi/9.3.1/../../../../arm-none-eabi/lib/thumb/v7-m/nofp\libc_nano.a(lib_a-printf.o)
                              build/main.o (printf)
d:/armgcc/9 2020-q2-update/bin/../lib/gcc/arm-none-eabi/9.3.1/../../../../arm-none-eabi/lib/thumb/v7-m/nofp\libc_nano.a(lib_a-puts.o)
                              build/main.o (puts)
d:/armgcc/9 2020-q2-update/bin/../lib/gcc/arm-none-eabi/9.3.1/../../../../arm-none-eabi/lib/thumb/v7-m/nofp\libc_nano.a(lib_a-strlen.o)
                              d:/armgcc/9 2020-q2-update/bin/../lib/gcc/arm-none-eabi/9.3.1/../../../../arm-none-eabi/lib/thumb/v7-m/nofp\libc_nano.a(lib_a-nano-vfprintf_float.o) (strlen)
d:/armgcc/9 2020-q2-update/bin/../lib/gcc/arm-none-eabi/9.3.1/../../../../arm-none-eabi/lib/thumb/v7-m/nofp\libc_nano.a(lib_a-wbuf.o)
                              d:/armgcc/9 2020-q2-update/bin/../lib/gcc/arm-none-eabi/9.3.1/../../../../arm-none-eabi/lib/thumb/v7-m/nofp\libc_nano.a(lib_a-puts.o) (__swbuf_r)
d:/armgcc/9 2020-q2-update/bin/../lib/gcc/arm-none-eabi/9.3.1/../../../../arm-none-eabi/lib/thumb/v7-m/nofp\libc_nano.a(lib_a-wsetup.o)
                              d:/armgcc/9 2020-q2-update/bin/../lib/gcc/arm-none-eabi/9.3.1/../../../../arm-none-eabi/lib/thumb/v7-m/nofp\libc_nano.a(lib_a-puts.o) (__swsetup_r)
d:/armgcc/9 2020-q2-update/bin/../lib/gcc/arm-none-eabi/9.3.1/../../../../arm-none-eabi/lib/thumb/v7-m/nofp\libc_nano.a(lib_a-dtoa.o)
                              d:/armgcc/9 2020-q2-update/bin/../lib/gcc/arm-none-eabi/9.3.1/../../../../arm-none-eabi/lib/thumb/v7-m/nofp\libc_nano.a(lib_a-nano-vfprintf_float.o) (_dtoa_r)
d:/armgcc/9 2020-q2-update/bin/../lib/gcc/arm-none-eabi/9.3.1/../../../../arm-none-eabi/lib/thumb/v7-m/nofp\libc_nano.a(lib_a-fflush.o)
                              d:/armgcc/9 2020-q2-update/bin/../lib/gcc/arm-none-eabi/9.3.1/../../../../arm-none-eabi/lib/thumb/v7-m/nofp\libc_nano.a(lib_a-wbuf.o) (_fflush_r)
d:/armgcc/9 2020-q2-update/bin/../lib/gcc/arm-none-eabi/9.3.1/../../../../arm-none-eabi/lib/thumb/v7-m/nofp\libc_nano.a(lib_a-findfp.o)
                              d:/armgcc/9 2020-q2-update/bin/../lib/gcc/arm-none-eabi/9.3.1/../../../../arm-none-eabi/lib/thumb/v7-m/nofp\libc_nano.a(lib_a-printf.o) (__sinit)
d:/armgcc/9 2020-q2-update/bin/../lib/gcc/arm-none-eabi/9.3.1/../../../../arm-none-eabi/lib/thumb/v7-m/nofp\libc_nano.a(lib_a-fwalk.o)
                              d:/armgcc/9 2020-q2-update/bin/../lib/gcc/arm-none-eabi/9.3.1/../../../../arm-none-eabi/lib/thumb/v7-m/nofp\libc_nano.a(lib_a-findfp.o) (_fwalk)
d:/armgcc/9 2020-q2-update/bin/../lib/gcc/arm-none-eabi/9.3.1/../../../../arm-none-eabi/lib/thumb/v7-m/nofp\libc_nano.a(lib_a-localeconv.o)
                              d:/armgcc/9 2020-q2-update/bin/../lib/gcc/arm-none-eabi/9.3.1/../../../../arm-none-eabi/lib/thumb/v7-m/nofp\libc_nano.a(lib_a-nano-vfprintf_float.o) (_localeconv_r)
d:/armgcc/9 2020-q2-update/bin/../lib/gcc/arm-none-eabi/9.3.1/../../../../arm-none-eabi/lib/thumb/v7-m/nofp\libc_nano.a(lib_a-lock.o)
[...]
Memory Configuration

Name             Origin             Length             Attributes
RAM              0x20000000         0x00010000         xrw
FLASH            0x08000000         0x00080000         xr
*default*        0x00000000         0xffffffff

Linker script and memory map

LOAD d:/armgcc/9 2020-q2-update/bin/../lib/gcc/arm-none-eabi/9.3.1/thumb/v7-m/nofp/crti.o
LOAD d:/armgcc/9 2020-q2-update/bin/../lib/gcc/arm-none-eabi/9.3.1/thumb/v7-m/nofp/crtbegin.o
LOAD d:/armgcc/9 2020-q2-update/bin/../lib/gcc/arm-none-eabi/9.3.1/../../../../arm-none-eabi/lib/thumb/v7-m/nofp/crt0.o
LOAD build/main.o
LOAD build/gpio.o
LOAD build/i2c.o
LOAD build/stm32f1xx_it.o
LOAD build/stm32f1xx_hal_msp.o
LOAD build/stm32f1xx_hal_gpio_ex.o
LOAD build/stm32f1xx_hal_i2c.o
LOAD build/stm32f1xx_hal.o
LOAD build/stm32f1xx_hal_rcc.o
LOAD build/stm32f1xx_hal_rcc_ex.o
LOAD build/stm32f1xx_hal_gpio.o
LOAD build/stm32f1xx_hal_dma.o
LOAD build/stm32f1xx_hal_cortex.o
LOAD build/stm32f1xx_hal_pwr.o
LOAD build/stm32f1xx_hal_flash.o
LOAD build/stm32f1xx_hal_flash_ex.o
LOAD build/stm32f1xx_hal_exti.o
LOAD build/stm32f1xx_hal_tim.o
LOAD build/stm32f1xx_hal_tim_ex.o
LOAD build/system_stm32f1xx.o
LOAD build/LM75A.o
LOAD build/usart.o
LOAD build/stm32f1xx_hal_uart.o
LOAD build/startup_stm32f103xe.o
LOAD d:/armgcc/9 2020-q2-update/bin/../lib/gcc/arm-none-eabi/9.3.1/../../../../arm-none-eabi/lib/thumb/v7-m/nofp\libc_nano.a
LOAD d:/armgcc/9 2020-q2-update/bin/../lib/gcc/arm-none-eabi/9.3.1/../../../../arm-none-eabi/lib/thumb/v7-m/nofp\libm.a
LOAD d:/armgcc/9 2020-q2-update/bin/../lib/gcc/arm-none-eabi/9.3.1/../../../../arm-none-eabi/lib/thumb/v7-m/nofp\libnosys.a
START GROUP
LOAD d:/armgcc/9 2020-q2-update/bin/../lib/gcc/arm-none-eabi/9.3.1/thumb/v7-m/nofp\libgcc.a
LOAD d:/armgcc/9 2020-q2-update/bin/../lib/gcc/arm-none-eabi/9.3.1/../../../../arm-none-eabi/lib/thumb/v7-m/nofp\libc_nano.a
END GROUP
START GROUP
LOAD d:/armgcc/9 2020-q2-update/bin/../lib/gcc/arm-none-eabi/9.3.1/thumb/v7-m/nofp\libgcc.a
LOAD d:/armgcc/9 2020-q2-update/bin/../lib/gcc/arm-none-eabi/9.3.1/../../../../arm-none-eabi/lib/thumb/v7-m/nofp\libc_nano.a
END GROUP
LOAD d:/armgcc/9 2020-q2-update/bin/../lib/gcc/arm-none-eabi/9.3.1/thumb/v7-m/nofp/crtend.o
LOAD d:/armgcc/9 2020-q2-update/bin/../lib/gcc/arm-none-eabi/9.3.1/thumb/v7-m/nofp/crtn.o
                0x20010000                _estack = 0x20010000
                0x00000200                _Min_Heap_Size = 0x200
                0x00000400                _Min_Stack_Size = 0x400

.isr_vector     0x08000000      0x1e4
                0x08000000                . = ALIGN (0x4)
 *(.isr_vector)
 .isr_vector    0x08000000      0x1e4 build/startup_stm32f103xe.o
                0x08000000                g_pfnVectors
                0x080001e4                . = ALIGN (0x4)

.text           0x080001e8     0x4e94
                0x080001e8                . = ALIGN (0x4)
 *(.text)
 .text          0x080001e8       0x40 d:/armgcc/9 2020-q2-update/bin/../lib/gcc/arm-none-eabi/9.3.1/thumb/v7-m/nofp/crtbegin.o
 .text          0x08000228       0x10 d:/armgcc/9 2020-q2-update/bin/../lib/gcc/arm-none-eabi/9.3.1/../../../../arm-none-eabi/lib/thumb/v7-m/nofp\libc_nano.a(lib_a-strlen.o)
                0x08000228                strlen
 .text          0x08000238      0x378 d:/armgcc/9 2020-q2-update/bin/../lib/gcc/arm-none-eabi/9.3.1/thumb/v7-m/nofp\libgcc.a(_arm_addsubdf3.o)
                0x08000238                __aeabi_drsub
                0x08000240                __aeabi_dsub
                0x08000240                __subdf3
                0x08000244                __aeabi_dadd
                0x08000244                __adddf3
                0x080004bc                __floatunsidf
                0x080004bc                __aeabi_ui2d
                0x080004dc                __floatsidf
                0x080004dc                __aeabi_i2d
                0x08000500                __aeabi_f2d
                0x08000500                __extendsfdf2
                0x08000544                __floatundidf
                0x08000544                __aeabi_ul2d
                0x08000554                __floatdidf
                0x08000554                __aeabi_l2d
 .text          0x080005b0      0x424 d:/armgcc/9 2020-q2-update/bin/../lib/gcc/arm-none-eabi/9.3.1/thumb/v7-m/nofp\libgcc.a(_arm_muldivdf3.o)
                0x080005b0                __aeabi_dmul
                0x080005b0                __muldf3
                0x08000804                __divdf3
                0x08000804                __aeabi_ddiv
 .text          0x080009d4      0x110 d:/armgcc/9 2020-q2-update/bin/../lib/gcc/arm-none-eabi/9.3.1/thumb/v7-m/nofp\libgcc.a(_arm_cmpdf2.o)
                0x080009d4                __gtdf2
                0x080009d4                __gedf2
                0x080009dc                __ltdf2
                0x080009dc                __ledf2
                0x080009e4                __nedf2
                0x080009e4                __eqdf2
                0x080009e4                __cmpdf2
                0x08000a60                __aeabi_cdrcmple
                0x08000a70                __aeabi_cdcmpeq
                0x08000a70                __aeabi_cdcmple
                0x08000a80                __aeabi_dcmpeq
                0x08000a94                __aeabi_dcmplt
                0x08000aa8                __aeabi_dcmple
                0x08000abc                __aeabi_dcmpge
                0x08000ad0                __aeabi_dcmpgt
 .text          0x08000ae4       0x2c d:/armgcc/9 2020-q2-update/bin/../lib/gcc/arm-none-eabi/9.3.1/thumb/v7-m/nofp\libgcc.a(_arm_unorddf2.o)
                0x08000ae4                __unorddf2
                0x08000ae4                __aeabi_dcmpun
 .text          0x08000b10       0x50 d:/armgcc/9 2020-q2-update/bin/../lib/gcc/arm-none-eabi/9.3.1/thumb/v7-m/nofp\libgcc.a(_arm_fixdfsi.o)
                0x08000b10                __aeabi_d2iz
                0x08000b10                __fixdfsi
 .text          0x08000b60       0x40 d:/armgcc/9 2020-q2-update/bin/../lib/gcc/arm-none-eabi/9.3.1/thumb/v7-m/nofp\libgcc.a(_arm_fixunsdfsi.o)
                0x08000b60                __aeabi_d2uiz
                0x08000b60                __fixunsdfsi
 *(.text*)
 .text.SystemClock_Config
                0x08000ba0       0x52 build/main.o
                0x08000ba0                SystemClock_Config
 *fill*         0x08000bf2        0x2 
 .text.main     0x08000bf4       0x88 build/main.o
                0x08000bf4                main
 .text.Error_Handler
                0x08000c7c        0x2 build/main.o
                0x08000c7c                Error_Handler
 *fill*         0x08000c7e        0x2 
 .text.MX_GPIO_Init
                0x08000c80       0x64 build/gpio.o
                0x08000c80                MX_GPIO_Init
 .text.MX_I2C1_Init
                0x08000ce4       0x3c build/i2c.o
                0x08000ce4                MX_I2C1_Init
 .text.HAL_I2C_MspInit
                0x08000d20       0x64 build/i2c.o
                0x08000d20                HAL_I2C_MspInit
 .text.NMI_Handler
                0x08000d84        0x2 build/stm32f1xx_it.o
                0x08000d84                NMI_Handler
 .text.HardFault_Handler
                0x08000d86        0x2 build/stm32f1xx_it.o
                0x08000d86                HardFault_Handler
 .text.MemManage_Handler
                0x08000d88        0x2 build/stm32f1xx_it.o
                0x08000d88                MemManage_Handler
 .text.BusFault_Handler
                0x08000d8a        0x2 build/stm32f1xx_it.o
                0x08000d8a                BusFault_Handler
 .text.UsageFault_Handler
                0x08000d8c        0x2 build/stm32f1xx_it.o
                0x08000d8c                UsageFault_Handler
 .text.SVC_Handler
                0x08000d8e        0x2 build/stm32f1xx_it.o
                0x08000d8e                SVC_Handler
 .text.DebugMon_Handler
                0x08000d90        0x2 build/stm32f1xx_it.o
                0x08000d90                DebugMon_Handler
 .text.PendSV_Handler
                0x08000d92        0x2 build/stm32f1xx_it.o
                0x08000d92                PendSV_Handler
 .text.SysTick_Handler
                0x08000d94        0x8 build/stm32f1xx_it.o
                0x08000d94                SysTick_Handler
 .text.HAL_MspInit
                0x08000d9c       0x44 build/stm32f1xx_hal_msp.o
                0x08000d9c                HAL_MspInit
 .text.I2C_IsAcknowledgeFailed
                0x08000de0       0x32 build/stm32f1xx_hal_i2c.o
 .text.I2C_WaitOnFlagUntilTimeout
                0x08000e12       0x74 build/stm32f1xx_hal_i2c.o
 .text.I2C_WaitOnMasterAddressFlagUntilTimeout
                0x08000e86       0xaa build/stm32f1xx_hal_i2c.o
 .text.I2C_WaitOnTXEFlagUntilTimeout
                0x08000f30       0x54 build/stm32f1xx_hal_i2c.o
 .text.I2C_RequestMemoryRead
                0x08000f84      0x130 build/stm32f1xx_hal_i2c.o
 .text.I2C_WaitOnRXNEFlagUntilTimeout
                0x080010b4       0x6a build/stm32f1xx_hal_i2c.o
 *fill*         0x0800111e        0x2 
 .text.HAL_I2C_Init
                0x08001120      0x1a8 build/stm32f1xx_hal_i2c.o
                0x08001120                HAL_I2C_Init
 .text.HAL_I2C_Mem_Read
                0x080012c8      0x2fc build/stm32f1xx_hal_i2c.o
                0x080012c8                HAL_I2C_Mem_Read
 .text.HAL_InitTick
                0x080015c4       0x4c build/stm32f1xx_hal.o
                0x080015c4                HAL_InitTick
 .text.HAL_Init
                0x08001610       0x24 build/stm32f1xx_hal.o
                0x08001610                HAL_Init
 .text.HAL_IncTick
                0x08001634       0x18 build/stm32f1xx_hal.o
                0x08001634                HAL_IncTick
 .text.HAL_GetTick
                0x0800164c        0xc build/stm32f1xx_hal.o
                0x0800164c                HAL_GetTick
 .text.HAL_Delay
                0x08001658       0x28 build/stm32f1xx_hal.o
                0x08001658                HAL_Delay
 .text.RCC_Delay
                0x08001680       0x2c build/stm32f1xx_hal_rcc.o
 .text.HAL_RCC_OscConfig
                0x080016ac      0x410 build/stm32f1xx_hal_rcc.o
                0x080016ac                HAL_RCC_OscConfig
 .text.HAL_RCC_GetSysClockFreq
                0x08001abc       0x6c build/stm32f1xx_hal_rcc.o
                0x08001abc                HAL_RCC_GetSysClockFreq
 .text.HAL_RCC_ClockConfig
                0x08001b28      0x16c build/stm32f1xx_hal_rcc.o
                0x08001b28                HAL_RCC_ClockConfig
 .text.HAL_RCC_GetHCLKFreq
                0x08001c94        0xc build/stm32f1xx_hal_rcc.o
                0x08001c94                HAL_RCC_GetHCLKFreq
 .text.HAL_RCC_GetPCLK1Freq
                0x08001ca0       0x20 build/stm32f1xx_hal_rcc.o
                0x08001ca0                HAL_RCC_GetPCLK1Freq
 .text.HAL_RCC_GetPCLK2Freq
                0x08001cc0       0x20 build/stm32f1xx_hal_rcc.o
                0x08001cc0                HAL_RCC_GetPCLK2Freq
 .text.HAL_GPIO_Init
                0x08001ce0      0x238 build/stm32f1xx_hal_gpio.o
                0x08001ce0                HAL_GPIO_Init
 .text.HAL_GPIO_WritePin
                0x08001f18        0xc build/stm32f1xx_hal_gpio.o
                0x08001f18                HAL_GPIO_WritePin
 .text.HAL_GPIO_TogglePin
                0x08001f24        0xe build/stm32f1xx_hal_gpio.o
                0x08001f24                HAL_GPIO_TogglePin
 *fill*         0x08001f32        0x2 
 .text.HAL_NVIC_SetPriorityGrouping
                0x08001f34       0x24 build/stm32f1xx_hal_cortex.o
                0x08001f34                HAL_NVIC_SetPriorityGrouping
 .text.HAL_NVIC_SetPriority
                0x08001f58       0x68 build/stm32f1xx_hal_cortex.o
                0x08001f58                HAL_NVIC_SetPriority
 .text.HAL_SYSTICK_Config
                0x08001fc0       0x2c build/stm32f1xx_hal_cortex.o
                0x08001fc0                HAL_SYSTICK_Config
 .text.SystemInit
                0x08001fec       0x4c build/system_stm32f1xx.o
                0x08001fec                SystemInit
 .text.LM75A_GetTemperature
                0x08002038       0xd4 build/LM75A.o
                0x08002038                LM75A_GetTemperature
 .text.MX_USART1_UART_Init
                0x0800210c       0x34 build/usart.o
                0x0800210c                MX_USART1_UART_Init
 .text.HAL_UART_MspInit
                0x08002140       0x78 build/usart.o
                0x08002140                HAL_UART_MspInit
 .text.__io_putchar
                0x080021b8       0x20 build/usart.o
                0x080021b8                __io_putchar
 .text._write   0x080021d8       0x1c build/usart.o
                0x080021d8                _write
 .text.UART_SetConfig
                0x080021f4       0xcc build/stm32f1xx_hal_uart.o
 .text.UART_WaitOnFlagUntilTimeout
                0x080022c0       0x68 build/stm32f1xx_hal_uart.o
 .text.HAL_UART_Init
                0x08002328       0x5e build/stm32f1xx_hal_uart.o
                0x08002328                HAL_UART_Init
 .text.HAL_UART_Transmit
                0x08002386       0xe0 build/stm32f1xx_hal_uart.o
                0x08002386                HAL_UART_Transmit
 *fill*         0x08002466        0x2 
 .text.Reset_Handler
                0x08002468       0x48 build/startup_stm32f103xe.o
                0x08002468                Reset_Handler
 .text.Default_Handler
                0x080024b0        0x2 build/startup_stm32f103xe.o
                0x080024b0                RTC_Alarm_IRQHandler
                0x080024b0                EXTI2_IRQHandler
                0x080024b0                TIM8_TRG_COM_IRQHandler
                0x080024b0                TIM8_CC_IRQHandler
                0x080024b0                TIM1_CC_IRQHandler
                0x080024b0                TIM6_IRQHandler
                0x080024b0                PVD_IRQHandler
                0x080024b0                SDIO_IRQHandler
                0x080024b0                EXTI3_IRQHandler
                0x080024b0                EXTI0_IRQHandler
                0x080024b0                I2C2_EV_IRQHandler
                0x080024b0                ADC1_2_IRQHandler
                0x080024b0                SPI1_IRQHandler
                0x080024b0                TAMPER_IRQHandler
                0x080024b0                TIM8_UP_IRQHandler
                0x080024b0                DMA2_Channel2_IRQHandler
                0x080024b0                DMA1_Channel4_IRQHandler
                0x080024b0                USART3_IRQHandler
                0x080024b0                RTC_IRQHandler
                0x080024b0                DMA1_Channel7_IRQHandler
                0x080024b0                CAN1_RX1_IRQHandler
                0x080024b0                UART5_IRQHandler
                0x080024b0                ADC3_IRQHandler
                0x080024b0                TIM4_IRQHandler
                0x080024b0                DMA2_Channel1_IRQHandler
                0x080024b0                I2C1_EV_IRQHandler
                0x080024b0                DMA1_Channel6_IRQHandler
                0x080024b0                UART4_IRQHandler
                0x080024b0                TIM3_IRQHandler
                0x080024b0                RCC_IRQHandler
                0x080024b0                TIM1_TRG_COM_IRQHandler
                0x080024b0                DMA1_Channel1_IRQHandler
                0x080024b0                Default_Handler
                0x080024b0                EXTI15_10_IRQHandler
                0x080024b0                TIM7_IRQHandler
                0x080024b0                TIM5_IRQHandler
                0x080024b0                EXTI9_5_IRQHandler
                0x080024b0                SPI2_IRQHandler
                0x080024b0                DMA1_Channel5_IRQHandler
                0x080024b0                EXTI4_IRQHandler
                0x080024b0                USB_LP_CAN1_RX0_IRQHandler
                0x080024b0                USB_HP_CAN1_TX_IRQHandler
                0x080024b0                DMA1_Channel3_IRQHandler
                0x080024b0                FSMC_IRQHandler
                0x080024b0                TIM1_UP_IRQHandler
                0x080024b0                WWDG_IRQHandler
                0x080024b0                TIM2_IRQHandler
                0x080024b0                TIM1_BRK_IRQHandler
                0x080024b0                EXTI1_IRQHandler
                0x080024b0                DMA2_Channel4_5_IRQHandler
                0x080024b0                USART2_IRQHandler
                0x080024b0                I2C2_ER_IRQHandler
                0x080024b0                DMA1_Channel2_IRQHandler
                0x080024b0                TIM8_BRK_IRQHandler
                0x080024b0                CAN1_SCE_IRQHandler
                0x080024b0                FLASH_IRQHandler
                0x080024b0                USART1_IRQHandler
                0x080024b0                SPI3_IRQHandler
                0x080024b0                I2C1_ER_IRQHandler
                0x080024b0                USBWakeUp_IRQHandler
                0x080024b0                DMA2_Channel3_IRQHandler
 *fill*         0x080024b2        0x2 
 .text.__libc_init_array
                0x080024b4       0x48 d:/armgcc/9 2020-q2-update/bin/../lib/gcc/arm-none-eabi/9.3.1/../../../../arm-none-eabi/lib/thumb/v7-m/nofp\libc_nano.a(lib_a-init.o)
                0x080024b4                __libc_init_array
 .text.memset   0x080024fc       0x10 d:/armgcc/9 2020-q2-update/bin/../lib/gcc/arm-none-eabi/9.3.1/../../../../arm-none-eabi/lib/thumb/v7-m/nofp\libc_nano.a(lib_a-memset.o)
                0x080024fc                memset
 .text.__cvt    0x0800250c       0xbe d:/armgcc/9 2020-q2-update/bin/../lib/gcc/arm-none-eabi/9.3.1/../../../../arm-none-eabi/lib/thumb/v7-m/nofp\libc_nano.a(lib_a-nano-vfprintf_float.o)
                0x0800250c                __cvt
 .text.__exponent
                0x080025ca       0x7c d:/armgcc/9 2020-q2-update/bin/../lib/gcc/arm-none-eabi/9.3.1/../../../../arm-none-eabi/lib/thumb/v7-m/nofp\libc_nano.a(lib_a-nano-vfprintf_float.o)
                0x080025ca                __exponent
 *fill*         0x08002646        0x2 
 .text._printf_float
                0x08002648      0x458 d:/armgcc/9 2020-q2-update/bin/../lib/gcc/arm-none-eabi/9.3.1/../../../../arm-none-eabi/lib/thumb/v7-m/nofp\libc_nano.a(lib_a-nano-vfprintf_float.o)
                0x08002648                _printf_float
 .text._printf_common
                0x08002aa0       0xde d:/armgcc/9 2020-q2-update/bin/../lib/gcc/arm-none-eabi/9.3.1/../../../../arm-none-eabi/lib/thumb/v7-m/nofp\libc_nano.a(lib_a-nano-vfprintf_i.o)
                0x08002aa0                _printf_common
 *fill*         0x08002b7e        0x2 
 .text._printf_i
                0x08002b80      0x24c d:/armgcc/9 2020-q2-update/bin/../lib/gcc/arm-none-eabi/9.3.1/../../../../arm-none-eabi/lib/thumb/v7-m/nofp\libc_nano.a(lib_a-nano-vfprintf_i.o)
                0x08002b80                _printf_i
 .text.printf   0x08002dcc       0x30 d:/armgcc/9 2020-q2-update/bin/../lib/gcc/arm-none-eabi/9.3.1/../../../../arm-none-eabi/lib/thumb/v7-m/nofp\libc_nano.a(lib_a-printf.o)
                0x08002dcc                iprintf
                0x08002dcc                printf
 .text._puts_r  0x08002dfc       0xdc d:/armgcc/9 2020-q2-update/bin/../lib/gcc/arm-none-eabi/9.3.1/../../../../arm-none-eabi/lib/thumb/v7-m/nofp\libc_nano.a(lib_a-puts.o)
                0x08002dfc                _puts_r
 .text.puts     0x08002ed8       0x10 d:/armgcc/9 2020-q2-update/bin/../lib/gcc/arm-none-eabi/9.3.1/../../../../arm-none-eabi/lib/thumb/v7-m/nofp\libc_nano.a(lib_a-puts.o)
                0x08002ed8                puts
 .text.__swbuf_r
                0x08002ee8       0xa4 d:/armgcc/9 2020-q2-update/bin/../lib/gcc/arm-none-eabi/9.3.1/../../../../arm-none-eabi/lib/thumb/v7-m/nofp\libc_nano.a(lib_a-wbuf.o)
                0x08002ee8                __swbuf_r
 .text.__swsetup_r
                0x08002f8c       0xdc d:/armgcc/9 2020-q2-update/bin/../lib/gcc/arm-none-eabi/9.3.1/../../../../arm-none-eabi/lib/thumb/v7-m/nofp\libc_nano.a(lib_a-wsetup.o)
                0x08002f8c                __swsetup_r
 .text.quorem   0x08003068      0x11a d:/armgcc/9 2020-q2-update/bin/../lib/gcc/arm-none-eabi/9.3.1/../../../../arm-none-eabi/lib/thumb/v7-m/nofp\libc_nano.a(lib_a-dtoa.o)
 *fill*         0x08003182        0x6 
 .text._dtoa_r  0x08003188      0xbdc d:/armgcc/9 2020-q2-update/bin/../lib/gcc/arm-none-eabi/9.3.1/../../../../arm-none-eabi/lib/thumb/v7-m/nofp\libc_nano.a(lib_a-dtoa.o)
                0x08003188                _dtoa_r
 .text.__sflush_r
                0x08003d64      0x10c d:/armgcc/9 2020-q2-update/bin/../lib/gcc/arm-none-eabi/9.3.1/../../../../arm-none-eabi/lib/thumb/v7-m/nofp\libc_nano.a(lib_a-fflush.o)
                0x08003d64                __sflush_r
 .text._fflush_r
                0x08003e70       0x78 d:/armgcc/9 2020-q2-update/bin/../lib/gcc/arm-none-eabi/9.3.1/../../../../arm-none-eabi/lib/thumb/v7-m/nofp\libc_nano.a(lib_a-fflush.o)
                0x08003e70                _fflush_r
 .text.std      0x08003ee8       0x48 d:/armgcc/9 2020-q2-update/bin/../lib/gcc/arm-none-eabi/9.3.1/../../../../arm-none-eabi/lib/thumb/v7-m/nofp\libc_nano.a(lib_a-findfp.o)
 .text._cleanup_r
                0x08003f30        0xc d:/armgcc/9 2020-q2-update/bin/../lib/gcc/arm-none-eabi/9.3.1/../../../../arm-none-eabi/lib/thumb/v7-m/nofp\libc_nano.a(lib_a-findfp.o)
                0x08003f30                _cleanup_r
 .text.__sfmoreglue
                0x08003f3c       0x2c d:/armgcc/9 2020-q2-update/bin/../lib/gcc/arm-none-eabi/9.3.1/../../../../arm-none-eabi/lib/thumb/v7-m/nofp\libc_nano.a(lib_a-findfp.o)
                0x08003f3c                __sfmoreglue
 .text.__sfp_lock_acquire
                0x08003f68        0xc d:/armgcc/9 2020-q2-update/bin/../lib/gcc/arm-none-eabi/9.3.1/../../../../arm-none-eabi/lib/thumb/v7-m/nofp\libc_nano.a(lib_a-findfp.o)
                0x08003f68                __sfp_lock_acquire
 .text.__sfp_lock_release
                0x08003f74        0xc d:/armgcc/9 2020-q2-update/bin/../lib/gcc/arm-none-eabi/9.3.1/../../../../arm-none-eabi/lib/thumb/v7-m/nofp\libc_nano.a(lib_a-findfp.o)
                0x08003f74                __sfp_lock_release
 .text.__sinit_lock_acquire
                0x08003f80        0xc d:/armgcc/9 2020-q2-update/bin/../lib/gcc/arm-none-eabi/9.3.1/../../../../arm-none-eabi/lib/thumb/v7-m/nofp\libc_nano.a(lib_a-findfp.o)
                0x08003f80                __sinit_lock_acquire
 .text.__sinit_lock_release
                0x08003f8c        0xc d:/armgcc/9 2020-q2-update/bin/../lib/gcc/arm-none-eabi/9.3.1/../../../../arm-none-eabi/lib/thumb/v7-m/nofp\libc_nano.a(lib_a-findfp.o)
                0x08003f8c                __sinit_lock_release
 .text.__sinit  0x08003f98       0x70 d:/armgcc/9 2020-q2-update/bin/../lib/gcc/arm-none-eabi/9.3.1/../../../../arm-none-eabi/lib/thumb/v7-m/nofp\libc_nano.a(lib_a-findfp.o)
                0x08003f98                __sinit
 .text.__sfp    0x08004008       0x8c d:/armgcc/9 2020-q2-update/bin/../lib/gcc/arm-none-eabi/9.3.1/../../../../arm-none-eabi/lib/thumb/v7-m/nofp\libc_nano.a(lib_a-findfp.o)
                0x08004008                __sfp
 .text._fwalk_reent
                0x08004094       0x3e d:/armgcc/9 2020-q2-update/bin/../lib/gcc/arm-none-eabi/9.3.1/../../../../arm-none-eabi/lib/thumb/v7-m/nofp\libc_nano.a(lib_a-fwalk.o)
                0x08004094                _fwalk_reent
 *fill*         0x080040d2        0x2 
 .text._localeconv_r
                0x080040d4        0x8 d:/armgcc/9 2020-q2-update/bin/../lib/gcc/arm-none-eabi/9.3.1/../../../../arm-none-eabi/lib/thumb/v7-m/nofp\libc_nano.a(lib_a-localeconv.o)
                0x080040d4                _localeconv_r
 .text.__retarget_lock_init_recursive
                0x080040dc        0x2 d:/armgcc/9 2020-q2-update/bin/../lib/gcc/arm-none-eabi/9.3.1/../../../../arm-none-eabi/lib/thumb/v7-m/nofp\libc_nano.a(lib_a-lock.o)
                0x080040dc                __retarget_lock_init_recursive
 .text.__retarget_lock_acquire_recursive
                0x080040de        0x2 d:/armgcc/9 2020-q2-update/bin/../lib/gcc/arm-none-eabi/9.3.1/../../../../arm-none-eabi/lib/thumb/v7-m/nofp\libc_nano.a(lib_a-lock.o)
                0x080040de                __retarget_lock_acquire_recursive
 .text.__retarget_lock_release_recursive
                0x080040e0        0x2 d:/armgcc/9 2020-q2-update/bin/../lib/gcc/arm-none-eabi/9.3.1/../../../../arm-none-eabi/lib/thumb/v7-m/nofp\libc_nano.a(lib_a-lock.o)
                0x080040e0                __retarget_lock_release_recursive
 .text.__swhatbuf_r
                0x080040e2       0x48 d:/armgcc/9 2020-q2-update/bin/../lib/gcc/arm-none-eabi/9.3.1/../../../../arm-none-eabi/lib/thumb/v7-m/nofp\libc_nano.a(lib_a-makebuf.o)
                0x080040e2                __swhatbuf_r
 *fill*         0x0800412a        0x2 
 .text.__smakebuf_r
                0x0800412c       0x80 d:/armgcc/9 2020-q2-update/bin/../lib/gcc/arm-none-eabi/9.3.1/../../../../arm-none-eabi/lib/thumb/v7-m/nofp\libc_nano.a(lib_a-makebuf.o)
                0x0800412c                __smakebuf_r
 .text.malloc   0x080041ac       0x10 d:/armgcc/9 2020-q2-update/bin/../lib/gcc/arm-none-eabi/9.3.1/../../../../arm-none-eabi/lib/thumb/v7-m/nofp\libc_nano.a(lib_a-malloc.o)
                0x080041ac                malloc
 .text.memchr   0x080041bc       0x1c d:/armgcc/9 2020-q2-update/bin/../lib/gcc/arm-none-eabi/9.3.1/../../../../arm-none-eabi/lib/thumb/v7-m/nofp\libc_nano.a(lib_a-memchr-stub.o)
                0x080041bc                memchr
 .text.memcpy   0x080041d8       0x1c d:/armgcc/9 2020-q2-update/bin/../lib/gcc/arm-none-eabi/9.3.1/../../../../arm-none-eabi/lib/thumb/v7-m/nofp\libc_nano.a(lib_a-memcpy-stub.o)
                0x080041d8                memcpy
 .text._Balloc  0x080041f4       0x80 d:/armgcc/9 2020-q2-update/bin/../lib/gcc/arm-none-eabi/9.3.1/../../../../arm-none-eabi/lib/thumb/v7-m/nofp\libc_nano.a(lib_a-mprec.o)
                0x080041f4                _Balloc
 .text._Bfree   0x08004274       0x44 d:/armgcc/9 2020-q2-update/bin/../lib/gcc/arm-none-eabi/9.3.1/../../../../arm-none-eabi/lib/thumb/v7-m/nofp\libc_nano.a(lib_a-mprec.o)
                0x08004274                _Bfree
 .text.__multadd
                0x080042b8       0x94 d:/armgcc/9 2020-q2-update/bin/../lib/gcc/arm-none-eabi/9.3.1/../../../../arm-none-eabi/lib/thumb/v7-m/nofp\libc_nano.a(lib_a-mprec.o)
                0x080042b8                __multadd
 .text.__hi0bits
                0x0800434c       0x40 d:/armgcc/9 2020-q2-update/bin/../lib/gcc/arm-none-eabi/9.3.1/../../../../arm-none-eabi/lib/thumb/v7-m/nofp\libc_nano.a(lib_a-mprec.o)
                0x0800434c                __hi0bits
 .text.__lo0bits
                0x0800438c       0x5c d:/armgcc/9 2020-q2-update/bin/../lib/gcc/arm-none-eabi/9.3.1/../../../../arm-none-eabi/lib/thumb/v7-m/nofp\libc_nano.a(lib_a-mprec.o)
                0x0800438c                __lo0bits
 .text.__i2b    0x080043e8       0x2c d:/armgcc/9 2020-q2-update/bin/../lib/gcc/arm-none-eabi/9.3.1/../../../../arm-none-eabi/lib/thumb/v7-m/nofp\libc_nano.a(lib_a-mprec.o)
                0x080043e8                __i2b
 .text.__multiply
                0x08004414      0x148 d:/armgcc/9 2020-q2-update/bin/../lib/gcc/arm-none-eabi/9.3.1/../../../../arm-none-eabi/lib/thumb/v7-m/nofp\libc_nano.a(lib_a-mprec.o)
                0x08004414                __multiply
 .text.__pow5mult
                0x0800455c       0xb4 d:/armgcc/9 2020-q2-update/bin/../lib/gcc/arm-none-eabi/9.3.1/../../../../arm-none-eabi/lib/thumb/v7-m/nofp\libc_nano.a(lib_a-mprec.o)
                0x0800455c                __pow5mult
 .text.__lshift
                0x08004610       0xd8 d:/armgcc/9 2020-q2-update/bin/../lib/gcc/arm-none-eabi/9.3.1/../../../../arm-none-eabi/lib/thumb/v7-m/nofp\libc_nano.a(lib_a-mprec.o)
                0x08004610                __lshift
 .text.__mcmp   0x080046e8       0x36 d:/armgcc/9 2020-q2-update/bin/../lib/gcc/arm-none-eabi/9.3.1/../../../../arm-none-eabi/lib/thumb/v7-m/nofp\libc_nano.a(lib_a-mprec.o)
                0x080046e8                __mcmp
 *fill*         0x0800471e        0x2 
 .text.__mdiff  0x08004720      0x120 d:/armgcc/9 2020-q2-update/bin/../lib/gcc/arm-none-eabi/9.3.1/../../../../arm-none-eabi/lib/thumb/v7-m/nofp\libc_nano.a(lib_a-mprec.o)
                0x08004720                __mdiff
 .text.__d2b    0x08004840       0xb8 d:/armgcc/9 2020-q2-update/bin/../lib/gcc/arm-none-eabi/9.3.1/../../../../arm-none-eabi/lib/thumb/v7-m/nofp\libc_nano.a(lib_a-mprec.o)
                0x08004840                __d2b
 .text._calloc_r
                0x080048f8       0x1c d:/armgcc/9 2020-q2-update/bin/../lib/gcc/arm-none-eabi/9.3.1/../../../../arm-none-eabi/lib/thumb/v7-m/nofp\libc_nano.a(lib_a-nano-callocr.o)
                0x080048f8                _calloc_r
 .text._free_r  0x08004914       0x98 d:/armgcc/9 2020-q2-update/bin/../lib/gcc/arm-none-eabi/9.3.1/../../../../arm-none-eabi/lib/thumb/v7-m/nofp\libc_nano.a(lib_a-nano-freer.o)
                0x08004914                _free_r
 .text._malloc_r
                0x080049ac       0xb4 d:/armgcc/9 2020-q2-update/bin/../lib/gcc/arm-none-eabi/9.3.1/../../../../arm-none-eabi/lib/thumb/v7-m/nofp\libc_nano.a(lib_a-nano-mallocr.o)
                0x080049ac                _malloc_r
 .text.__sfputc_r
                0x08004a60       0x2a d:/armgcc/9 2020-q2-update/bin/../lib/gcc/arm-none-eabi/9.3.1/../../../../arm-none-eabi/lib/thumb/v7-m/nofp\libc_nano.a(lib_a-nano-vfprintf.o)
 .text.__sfputs_r
                0x08004a8a       0x24 d:/armgcc/9 2020-q2-update/bin/../lib/gcc/arm-none-eabi/9.3.1/../../../../arm-none-eabi/lib/thumb/v7-m/nofp\libc_nano.a(lib_a-nano-vfprintf.o)
                0x08004a8a                __sfputs_r
 *fill*         0x08004aae        0x2 
 .text._vfprintf_r
                0x08004ab0      0x260 d:/armgcc/9 2020-q2-update/bin/../lib/gcc/arm-none-eabi/9.3.1/../../../../arm-none-eabi/lib/thumb/v7-m/nofp\libc_nano.a(lib_a-nano-vfprintf.o)
                0x08004ab0                _vfprintf_r
                0x08004ab0                _vfiprintf_r
 .text._sbrk_r  0x08004d10       0x20 d:/armgcc/9 2020-q2-update/bin/../lib/gcc/arm-none-eabi/9.3.1/../../../../arm-none-eabi/lib/thumb/v7-m/nofp\libc_nano.a(lib_a-sbrkr.o)
                0x08004d10                _sbrk_r
 .text.__sread  0x08004d30       0x22 d:/armgcc/9 2020-q2-update/bin/../lib/gcc/arm-none-eabi/9.3.1/../../../../arm-none-eabi/lib/thumb/v7-m/nofp\libc_nano.a(lib_a-stdio.o)
                0x08004d30                __sread
 .text.__swrite
                0x08004d52       0x38 d:/armgcc/9 2020-q2-update/bin/../lib/gcc/arm-none-eabi/9.3.1/../../../../arm-none-eabi/lib/thumb/v7-m/nofp\libc_nano.a(lib_a-stdio.o)
                0x08004d52                __swrite
 .text.__sseek  0x08004d8a       0x24 d:/armgcc/9 2020-q2-update/bin/../lib/gcc/arm-none-eabi/9.3.1/../../../../arm-none-eabi/lib/thumb/v7-m/nofp\libc_nano.a(lib_a-stdio.o)
                0x08004d8a                __sseek
 .text.__sclose
                0x08004dae        0x8 d:/armgcc/9 2020-q2-update/bin/../lib/gcc/arm-none-eabi/9.3.1/../../../../arm-none-eabi/lib/thumb/v7-m/nofp\libc_nano.a(lib_a-stdio.o)
                0x08004dae                __sclose
 *fill*         0x08004db6        0x2 
 .text._write_r
                0x08004db8       0x24 d:/armgcc/9 2020-q2-update/bin/../lib/gcc/arm-none-eabi/9.3.1/../../../../arm-none-eabi/lib/thumb/v7-m/nofp\libc_nano.a(lib_a-writer.o)
                0x08004db8                _write_r
 .text.__assert_func
                0x08004ddc       0x3c d:/armgcc/9 2020-q2-update/bin/../lib/gcc/arm-none-eabi/9.3.1/../../../../arm-none-eabi/lib/thumb/v7-m/nofp\libc_nano.a(lib_a-assert.o)
                0x08004ddc                __assert_func
 .text._close_r
                0x08004e18       0x20 d:/armgcc/9 2020-q2-update/bin/../lib/gcc/arm-none-eabi/9.3.1/../../../../arm-none-eabi/lib/thumb/v7-m/nofp\libc_nano.a(lib_a-closer.o)
                0x08004e18                _close_r
 .text.fprintf  0x08004e38       0x24 d:/armgcc/9 2020-q2-update/bin/../lib/gcc/arm-none-eabi/9.3.1/../../../../arm-none-eabi/lib/thumb/v7-m/nofp\libc_nano.a(lib_a-fprintf.o)
                0x08004e38                fiprintf
                0x08004e38                fprintf
 .text._fstat_r
                0x08004e5c       0x24 d:/armgcc/9 2020-q2-update/bin/../lib/gcc/arm-none-eabi/9.3.1/../../../../arm-none-eabi/lib/thumb/v7-m/nofp\libc_nano.a(lib_a-fstatr.o)
                0x08004e5c                _fstat_r
 .text._isatty_r
                0x08004e80       0x20 d:/armgcc/9 2020-q2-update/bin/../lib/gcc/arm-none-eabi/9.3.1/../../../../arm-none-eabi/lib/thumb/v7-m/nofp\libc_nano.a(lib_a-isattyr.o)
                0x08004e80                _isatty_r
 .text._lseek_r
                0x08004ea0       0x24 d:/armgcc/9 2020-q2-update/bin/../lib/gcc/arm-none-eabi/9.3.1/../../../../arm-none-eabi/lib/thumb/v7-m/nofp\libc_nano.a(lib_a-lseekr.o)
                0x08004ea0                _lseek_r
 .text.__ascii_mbtowc
                0x08004ec4       0x24 d:/armgcc/9 2020-q2-update/bin/../lib/gcc/arm-none-eabi/9.3.1/../../../../arm-none-eabi/lib/thumb/v7-m/nofp\libc_nano.a(lib_a-mbtowc_r.o)
                0x08004ec4                __ascii_mbtowc
 .text.__malloc_lock
                0x08004ee8        0xc d:/armgcc/9 2020-q2-update/bin/../lib/gcc/arm-none-eabi/9.3.1/../../../../arm-none-eabi/lib/thumb/v7-m/nofp\libc_nano.a(lib_a-mlock.o)
                0x08004ee8                __malloc_lock
 .text.__malloc_unlock
                0x08004ef4        0xc d:/armgcc/9 2020-q2-update/bin/../lib/gcc/arm-none-eabi/9.3.1/../../../../arm-none-eabi/lib/thumb/v7-m/nofp\libc_nano.a(lib_a-mlock.o)
                0x08004ef4                __malloc_unlock
 .text._read_r  0x08004f00       0x24 d:/armgcc/9 2020-q2-update/bin/../lib/gcc/arm-none-eabi/9.3.1/../../../../arm-none-eabi/lib/thumb/v7-m/nofp\libc_nano.a(lib_a-readr.o)
                0x08004f00                _read_r
 .text.__ascii_wctomb
                0x08004f24       0x1a d:/armgcc/9 2020-q2-update/bin/../lib/gcc/arm-none-eabi/9.3.1/../../../../arm-none-eabi/lib/thumb/v7-m/nofp\libc_nano.a(lib_a-wctomb_r.o)
                0x08004f24                __ascii_wctomb
 .text.abort    0x08004f3e        0xe d:/armgcc/9 2020-q2-update/bin/../lib/gcc/arm-none-eabi/9.3.1/../../../../arm-none-eabi/lib/thumb/v7-m/nofp\libc_nano.a(lib_a-abort.o)
                0x08004f3e                abort
 .text._raise_r
                0x08004f4c       0x50 d:/armgcc/9 2020-q2-update/bin/../lib/gcc/arm-none-eabi/9.3.1/../../../../arm-none-eabi/lib/thumb/v7-m/nofp\libc_nano.a(lib_a-signal.o)
                0x08004f4c                _raise_r
 .text.raise    0x08004f9c       0x10 d:/armgcc/9 2020-q2-update/bin/../lib/gcc/arm-none-eabi/9.3.1/../../../../arm-none-eabi/lib/thumb/v7-m/nofp\libc_nano.a(lib_a-signal.o)
                0x08004f9c                raise
 .text._kill_r  0x08004fac       0x24 d:/armgcc/9 2020-q2-update/bin/../lib/gcc/arm-none-eabi/9.3.1/../../../../arm-none-eabi/lib/thumb/v7-m/nofp\libc_nano.a(lib_a-signalr.o)
                0x08004fac                _kill_r
 .text._getpid_r
                0x08004fd0        0x4 d:/armgcc/9 2020-q2-update/bin/../lib/gcc/arm-none-eabi/9.3.1/../../../../arm-none-eabi/lib/thumb/v7-m/nofp\libc_nano.a(lib_a-signalr.o)
                0x08004fd0                _getpid_r
 .text._close   0x08004fd4       0x10 d:/armgcc/9 2020-q2-update/bin/../lib/gcc/arm-none-eabi/9.3.1/../../../../arm-none-eabi/lib/thumb/v7-m/nofp\libnosys.a(close.o)
                0x08004fd4                _close
 .text._fstat   0x08004fe4       0x10 d:/armgcc/9 2020-q2-update/bin/../lib/gcc/arm-none-eabi/9.3.1/../../../../arm-none-eabi/lib/thumb/v7-m/nofp\libnosys.a(fstat.o)
                0x08004fe4                _fstat
 .text._getpid  0x08004ff4       0x10 d:/armgcc/9 2020-q2-update/bin/../lib/gcc/arm-none-eabi/9.3.1/../../../../arm-none-eabi/lib/thumb/v7-m/nofp\libnosys.a(getpid.o)
                0x08004ff4                _getpid
 .text._isatty  0x08005004       0x10 d:/armgcc/9 2020-q2-update/bin/../lib/gcc/arm-none-eabi/9.3.1/../../../../arm-none-eabi/lib/thumb/v7-m/nofp\libnosys.a(isatty.o)
                0x08005004                _isatty
 .text._kill    0x08005014       0x10 d:/armgcc/9 2020-q2-update/bin/../lib/gcc/arm-none-eabi/9.3.1/../../../../arm-none-eabi/lib/thumb/v7-m/nofp\libnosys.a(kill.o)
                0x08005014                _kill
 .text._lseek   0x08005024       0x10 d:/armgcc/9 2020-q2-update/bin/../lib/gcc/arm-none-eabi/9.3.1/../../../../arm-none-eabi/lib/thumb/v7-m/nofp\libnosys.a(lseek.o)
                0x08005024                _lseek
 .text._read    0x08005034       0x10 d:/armgcc/9 2020-q2-update/bin/../lib/gcc/arm-none-eabi/9.3.1/../../../../arm-none-eabi/lib/thumb/v7-m/nofp\libnosys.a(read.o)
                0x08005034                _read
 .text._sbrk    0x08005044       0x1c d:/armgcc/9 2020-q2-update/bin/../lib/gcc/arm-none-eabi/9.3.1/../../../../arm-none-eabi/lib/thumb/v7-m/nofp\libnosys.a(sbrk.o)
                0x08005044                _sbrk
 .text._exit    0x08005060        0x4 d:/armgcc/9 2020-q2-update/bin/../lib/gcc/arm-none-eabi/9.3.1/../../../../arm-none-eabi/lib/thumb/v7-m/nofp\libnosys.a(_exit.o)
                0x08005060                _exit
 *(.glue_7)
 .glue_7        0x08005064        0x0 linker stubs
 *(.glue_7t)
 .glue_7t       0x08005064        0x0 linker stubs
 *(.eh_frame)
 .eh_frame      0x08005064        0x0 d:/armgcc/9 2020-q2-update/bin/../lib/gcc/arm-none-eabi/9.3.1/thumb/v7-m/nofp/crtbegin.o
 *(.init)
 .init          0x08005064        0x4 d:/armgcc/9 2020-q2-update/bin/../lib/gcc/arm-none-eabi/9.3.1/thumb/v7-m/nofp/crti.o
                0x08005064                _init
 .init          0x08005068        0x8 d:/armgcc/9 2020-q2-update/bin/../lib/gcc/arm-none-eabi/9.3.1/thumb/v7-m/nofp/crtn.o
 *(.fini)
 .fini          0x08005070        0x4 d:/armgcc/9 2020-q2-update/bin/../lib/gcc/arm-none-eabi/9.3.1/thumb/v7-m/nofp/crti.o
                0x08005070                _fini
 .fini          0x08005074        0x8 d:/armgcc/9 2020-q2-update/bin/../lib/gcc/arm-none-eabi/9.3.1/thumb/v7-m/nofp/crtn.o
                0x0800507c                . = ALIGN (0x4)
                0x0800507c                _etext = .

.vfp11_veneer   0x0800507c        0x0
 .vfp11_veneer  0x0800507c        0x0 linker stubs

.v4_bx          0x0800507c        0x0
 .v4_bx         0x0800507c        0x0 linker stubs

.iplt           0x0800507c        0x0
 .iplt          0x0800507c        0x0 d:/armgcc/9 2020-q2-update/bin/../lib/gcc/arm-none-eabi/9.3.1/thumb/v7-m/nofp/crtbegin.o

.rodata         0x08005080      0x4ac
                0x08005080                . = ALIGN (0x4)
 *(.rodata)
 *(.rodata*)
 .rodata.main.str1.4
                0x08005080       0x5f build/main.o
 *fill*         0x080050df        0x1 
 .rodata.HAL_RCC_GetSysClockFreq.str1.4
                0x080050e0       0x11 build/stm32f1xx_hal_rcc.o
 *fill*         0x080050f1        0x3 
 .rodata.AHBPrescTable
                0x080050f4       0x10 build/system_stm32f1xx.o
                0x080050f4                AHBPrescTable
 .rodata.APBPrescTable
                0x08005104        0x8 build/system_stm32f1xx.o
                0x08005104                APBPrescTable
 .rodata._global_impure_ptr
                0x0800510c        0x4 d:/armgcc/9 2020-q2-update/bin/../lib/gcc/arm-none-eabi/9.3.1/../../../../arm-none-eabi/lib/thumb/v7-m/nofp\libc_nano.a(lib_a-impure.o)
                0x0800510c                _global_impure_ptr
 .rodata._printf_float.str1.1
                0x08005110       0x12 d:/armgcc/9 2020-q2-update/bin/../lib/gcc/arm-none-eabi/9.3.1/../../../../arm-none-eabi/lib/thumb/v7-m/nofp\libc_nano.a(lib_a-nano-vfprintf_float.o)
 .rodata._printf_i.str1.1
                0x08005122       0x22 d:/armgcc/9 2020-q2-update/bin/../lib/gcc/arm-none-eabi/9.3.1/../../../../arm-none-eabi/lib/thumb/v7-m/nofp\libc_nano.a(lib_a-nano-vfprintf_i.o)
 .rodata._dtoa_r.str1.1
                0x08005144       0xb1 d:/armgcc/9 2020-q2-update/bin/../lib/gcc/arm-none-eabi/9.3.1/../../../../arm-none-eabi/lib/thumb/v7-m/nofp\libc_nano.a(lib_a-dtoa.o)
                                 0xb3 (size before relaxing)
 *fill*         0x080051f5        0x3 
 .rodata.__sf_fake_stderr
                0x080051f8       0x20 d:/armgcc/9 2020-q2-update/bin/../lib/gcc/arm-none-eabi/9.3.1/../../../../arm-none-eabi/lib/thumb/v7-m/nofp\libc_nano.a(lib_a-findfp.o)
                0x080051f8                __sf_fake_stderr
 .rodata.__sf_fake_stdin
                0x08005218       0x20 d:/armgcc/9 2020-q2-update/bin/../lib/gcc/arm-none-eabi/9.3.1/../../../../arm-none-eabi/lib/thumb/v7-m/nofp\libc_nano.a(lib_a-findfp.o)
                0x08005218                __sf_fake_stdin
 .rodata.__sf_fake_stdout
                0x08005238       0x20 d:/armgcc/9 2020-q2-update/bin/../lib/gcc/arm-none-eabi/9.3.1/../../../../arm-none-eabi/lib/thumb/v7-m/nofp\libc_nano.a(lib_a-findfp.o)
                0x08005238                __sf_fake_stdout
 .rodata._Balloc.str1.1
                0x08005258       0x7d d:/armgcc/9 2020-q2-update/bin/../lib/gcc/arm-none-eabi/9.3.1/../../../../arm-none-eabi/lib/thumb/v7-m/nofp\libc_nano.a(lib_a-mprec.o)
                                 0x94 (size before relaxing)
 .rodata.__multadd.str1.1
                0x080052d5       0x11 d:/armgcc/9 2020-q2-update/bin/../lib/gcc/arm-none-eabi/9.3.1/../../../../arm-none-eabi/lib/thumb/v7-m/nofp\libc_nano.a(lib_a-mprec.o)
 *fill*         0x080052d5        0x3 
 .rodata.__mprec_bigtens
                0x080052d8       0x28 d:/armgcc/9 2020-q2-update/bin/../lib/gcc/arm-none-eabi/9.3.1/../../../../arm-none-eabi/lib/thumb/v7-m/nofp\libc_nano.a(lib_a-mprec.o)
                0x080052d8                __mprec_bigtens
 .rodata.__mprec_tens
                0x08005300       0xc8 d:/armgcc/9 2020-q2-update/bin/../lib/gcc/arm-none-eabi/9.3.1/../../../../arm-none-eabi/lib/thumb/v7-m/nofp\libc_nano.a(lib_a-mprec.o)
                0x08005300                __mprec_tens
 .rodata.p05.6150
                0x080053c8        0xc d:/armgcc/9 2020-q2-update/bin/../lib/gcc/arm-none-eabi/9.3.1/../../../../arm-none-eabi/lib/thumb/v7-m/nofp\libc_nano.a(lib_a-mprec.o)
 .rodata._vfprintf_r.str1.1
                0x080053d4       0x11 d:/armgcc/9 2020-q2-update/bin/../lib/gcc/arm-none-eabi/9.3.1/../../../../arm-none-eabi/lib/thumb/v7-m/nofp\libc_nano.a(lib_a-nano-vfprintf.o)
 .rodata.__assert_func.str1.1
                0x080053e5       0x3c d:/armgcc/9 2020-q2-update/bin/../lib/gcc/arm-none-eabi/9.3.1/../../../../arm-none-eabi/lib/thumb/v7-m/nofp\libc_nano.a(lib_a-assert.o)
                                 0x3d (size before relaxing)
 .rodata._setlocale_r.str1.1
                0x08005421        0x8 d:/armgcc/9 2020-q2-update/bin/../lib/gcc/arm-none-eabi/9.3.1/../../../../arm-none-eabi/lib/thumb/v7-m/nofp\libc_nano.a(lib_a-locale.o)
                                  0x9 (size before relaxing)
 .rodata.str1.1
                0x08005429        0x2 d:/armgcc/9 2020-q2-update/bin/../lib/gcc/arm-none-eabi/9.3.1/../../../../arm-none-eabi/lib/thumb/v7-m/nofp\libc_nano.a(lib_a-locale.o)
 .rodata._ctype_
                0x0800542b      0x101 d:/armgcc/9 2020-q2-update/bin/../lib/gcc/arm-none-eabi/9.3.1/../../../../arm-none-eabi/lib/thumb/v7-m/nofp\libc_nano.a(lib_a-ctype_.o)
                0x0800542b                _ctype_
                0x0800552c                . = ALIGN (0x4)

.rel.dyn        0x0800552c        0x0
 .rel.iplt      0x0800552c        0x0 d:/armgcc/9 2020-q2-update/bin/../lib/gcc/arm-none-eabi/9.3.1/thumb/v7-m/nofp/crtbegin.o

.ARM.extab
 *(.ARM.extab* .gnu.linkonce.armextab.*)

.ARM            0x0800552c        0x0
                0x0800552c                __exidx_start = .
 *(.ARM.exidx*)
                0x0800552c                __exidx_end = .

.preinit_array  0x0800552c        0x0
                0x0800552c                PROVIDE (__preinit_array_start = .)
 *(.preinit_array*)
                0x0800552c                PROVIDE (__preinit_array_end = .)

.init_array     0x0800552c        0x4
                0x0800552c                PROVIDE (__init_array_start = .)
 *(SORT_BY_NAME(.init_array.*))
 *(.init_array*)
 .init_array    0x0800552c        0x4 d:/armgcc/9 2020-q2-update/bin/../lib/gcc/arm-none-eabi/9.3.1/thumb/v7-m/nofp/crtbegin.o
                0x08005530                PROVIDE (__init_array_end = .)

.fini_array     0x08005530        0x4
                [!provide]                PROVIDE (__fini_array_start = .)
 *(SORT_BY_NAME(.fini_array.*))
 *(.fini_array*)
 .fini_array    0x08005530        0x4 d:/armgcc/9 2020-q2-update/bin/../lib/gcc/arm-none-eabi/9.3.1/thumb/v7-m/nofp/crtbegin.o
                [!provide]                PROVIDE (__fini_array_end = .)
                0x08005534                _sidata = LOADADDR (.data)

.data           0x20000000      0x1e0 load address 0x08005534
                0x20000000                . = ALIGN (0x4)
                0x20000000                _sdata = .
 *(.data)
 *(.data*)
 .data.uwTickFreq
                0x20000000        0x1 build/stm32f1xx_hal.o
                0x20000000                uwTickFreq
 *fill*         0x20000001        0x3 
 .data.uwTickPrio
                0x20000004        0x4 build/stm32f1xx_hal.o
                0x20000004                uwTickPrio
 .data.SystemCoreClock
                0x20000008        0x4 build/system_stm32f1xx.o
                0x20000008                SystemCoreClock
 .data.Sign     0x2000000c        0x1 build/LM75A.o
                0x2000000c                Sign
 *fill*         0x2000000d        0x3 
 .data._impure_ptr
                0x20000010        0x4 d:/armgcc/9 2020-q2-update/bin/../lib/gcc/arm-none-eabi/9.3.1/../../../../arm-none-eabi/lib/thumb/v7-m/nofp\libc_nano.a(lib_a-impure.o)
                0x20000010                _impure_ptr
 .data.impure_data
                0x20000014       0x60 d:/armgcc/9 2020-q2-update/bin/../lib/gcc/arm-none-eabi/9.3.1/../../../../arm-none-eabi/lib/thumb/v7-m/nofp\libc_nano.a(lib_a-impure.o)
 .data.__global_locale
                0x20000074      0x16c d:/armgcc/9 2020-q2-update/bin/../lib/gcc/arm-none-eabi/9.3.1/../../../../arm-none-eabi/lib/thumb/v7-m/nofp\libc_nano.a(lib_a-locale.o)
                0x20000074                __global_locale
                0x200001e0                . = ALIGN (0x4)
                0x200001e0                _edata = .

.igot.plt       0x200001e0        0x0 load address 0x08005714
 .igot.plt      0x200001e0        0x0 d:/armgcc/9 2020-q2-update/bin/../lib/gcc/arm-none-eabi/9.3.1/thumb/v7-m/nofp/crtbegin.o
                0x200001e0                . = ALIGN (0x4)

.bss            0x200001e0       0xdc load address 0x08005714
                0x200001e0                _sbss = .
                0x200001e0                __bss_start__ = _sbss
 *(.bss)
 .bss           0x200001e0       0x1c d:/armgcc/9 2020-q2-update/bin/../lib/gcc/arm-none-eabi/9.3.1/thumb/v7-m/nofp/crtbegin.o
 *(.bss*)
 .bss.Tempdata  0x200001fc        0xa build/LM75A.o
                0x200001fc                Tempdata
 *fill*         0x20000206        0x2 
 .bss.__malloc_free_list
                0x20000208        0x4 d:/armgcc/9 2020-q2-update/bin/../lib/gcc/arm-none-eabi/9.3.1/../../../../arm-none-eabi/lib/thumb/v7-m/nofp\libc_nano.a(lib_a-nano-mallocr.o)
                0x20000208                __malloc_free_list
 .bss.__malloc_sbrk_start
                0x2000020c        0x4 d:/armgcc/9 2020-q2-update/bin/../lib/gcc/arm-none-eabi/9.3.1/../../../../arm-none-eabi/lib/thumb/v7-m/nofp\libc_nano.a(lib_a-nano-mallocr.o)
                0x2000020c                __malloc_sbrk_start
 .bss.heap_end.4144
                0x20000210        0x4 d:/armgcc/9 2020-q2-update/bin/../lib/gcc/arm-none-eabi/9.3.1/../../../../arm-none-eabi/lib/thumb/v7-m/nofp\libnosys.a(sbrk.o)
 *(COMMON)
 COMMON         0x20000214       0x54 build/i2c.o
                0x20000214                hi2c1
 COMMON         0x20000268        0x4 build/stm32f1xx_hal.o
                0x20000268                uwTick
 COMMON         0x2000026c       0x40 build/usart.o
                0x2000026c                huart1
 COMMON         0x200002ac        0x9 d:/armgcc/9 2020-q2-update/bin/../lib/gcc/arm-none-eabi/9.3.1/../../../../arm-none-eabi/lib/thumb/v7-m/nofp\libc_nano.a(lib_a-lock.o)
                0x200002ac                __lock___atexit_recursive_mutex
                0x200002ad                __lock___arc4random_mutex
                0x200002ae                __lock___env_recursive_mutex
                0x200002af                __lock___sinit_recursive_mutex
                0x200002b0                __lock___malloc_recursive_mutex
                0x200002b1                __lock___at_quick_exit_mutex
                0x200002b2                __lock___dd_hash_mutex
                0x200002b3                __lock___tz_mutex
                0x200002b4                __lock___sfp_recursive_mutex
 *fill*         0x200002b5        0x3 
 COMMON         0x200002b8        0x4 d:/armgcc/9 2020-q2-update/bin/../lib/gcc/arm-none-eabi/9.3.1/../../../../arm-none-eabi/lib/thumb/v7-m/nofp\libc_nano.a(lib_a-reent.o)
                0x200002b8                errno
                0x200002bc                . = ALIGN (0x4)
                0x200002bc                _ebss = .
                0x200002bc                __bss_end__ = _ebss

._user_heap_stack
                0x200002bc      0x604 load address 0x08005714
                0x200002c0                . = ALIGN (0x8)
 *fill*         0x200002bc        0x4 
                0x200002c0                PROVIDE (end = .)
                [!provide]                PROVIDE (_end = .)
                0x200004c0                . = (. + _Min_Heap_Size)
 *fill*         0x200002c0      0x200 
                0x200008c0                . = (. + _Min_Stack_Size)
 *fill*         0x200004c0      0x400 
                0x200008c0                . = ALIGN (0x8)

/DISCARD/
 libc.a(*)
 libm.a(*)
 libgcc.a(*)

.ARM.attributes
                0x00000000       0x29
 *(.ARM.attributes)
 .ARM.attributes
                0x00000000       0x1d d:/armgcc/9 2020-q2-update/bin/../lib/gcc/arm-none-eabi/9.3.1/thumb/v7-m/nofp/crti.o
 .ARM.attributes
                0x0000001d       0x2d d:/armgcc/9 2020-q2-update/bin/../lib/gcc/arm-none-eabi/9.3.1/thumb/v7-m/nofp/crtbegin.o
 .ARM.attributes
                0x0000004a       0x2d build/main.o
 .ARM.attributes
                0x00000077       0x2d build/gpio.o
 .ARM.attributes
                0x000000a4       0x2d build/i2c.o
 .ARM.attributes
                0x000000d1       0x2d build/stm32f1xx_it.o
 .ARM.attributes
                0x000000fe       0x2d build/stm32f1xx_hal_msp.o
 .ARM.attributes
                0x0000012b       0x2d build/stm32f1xx_hal_i2c.o
 .ARM.attributes
                0x00000158       0x2d build/stm32f1xx_hal.o
 .ARM.attributes
                0x00000185       0x2d build/stm32f1xx_hal_rcc.o
 .ARM.attributes
                0x000001b2       0x2d build/stm32f1xx_hal_gpio.o
 .ARM.attributes
                0x000001df       0x2d build/stm32f1xx_hal_cortex.o
 .ARM.attributes
                0x0000020c       0x2d build/system_stm32f1xx.o
 .ARM.attributes
                0x00000239       0x2d build/LM75A.o
 .ARM.attributes
                0x00000266       0x2d build/usart.o
 .ARM.attributes
                0x00000293       0x2d build/stm32f1xx_hal_uart.o
 .ARM.attributes
                0x000002c0       0x21 build/startup_stm32f103xe.o
 .ARM.attributes
                0x000002e1       0x2d d:/armgcc/9 2020-q2-update/bin/../lib/gcc/arm-none-eabi/9.3.1/../../../../arm-none-eabi/lib/thumb/v7-m/nofp\libc_nano.a(lib_a-impure.o)
 .ARM.attributes
                0x0000030e       0x2d d:/armgcc/9 2020-q2-update/bin/../lib/gcc/arm-none-eabi/9.3.1/../../../../arm-none-eabi/lib/thumb/v7-m/nofp\libc_nano.a(lib_a-init.o)
 .ARM.attributes
                0x0000033b       0x2d d:/armgcc/9 2020-q2-update/bin/../lib/gcc/arm-none-eabi/9.3.1/../../../../arm-none-eabi/lib/thumb/v7-m/nofp\libc_nano.a(lib_a-memset.o)
 .ARM.attributes
                0x00000368       0x2d d:/armgcc/9 2020-q2-update/bin/../lib/gcc/arm-none-eabi/9.3.1/../../../../arm-none-eabi/lib/thumb/v7-m/nofp\libc_nano.a(lib_a-nano-vfprintf_float.o)
 .ARM.attributes
                0x00000395       0x2d d:/armgcc/9 2020-q2-update/bin/../lib/gcc/arm-none-eabi/9.3.1/../../../../arm-none-eabi/lib/thumb/v7-m/nofp\libc_nano.a(lib_a-nano-vfprintf_i.o)
 .ARM.attributes
                0x000003c2       0x2d d:/armgcc/9 2020-q2-update/bin/../lib/gcc/arm-none-eabi/9.3.1/../../../../arm-none-eabi/lib/thumb/v7-m/nofp\libc_nano.a(lib_a-printf.o)
 .ARM.attributes
                0x000003ef       0x2d d:/armgcc/9 2020-q2-update/bin/../lib/gcc/arm-none-eabi/9.3.1/../../../../arm-none-eabi/lib/thumb/v7-m/nofp\libc_nano.a(lib_a-puts.o)
 .ARM.attributes
                0x0000041c       0x17 d:/armgcc/9 2020-q2-update/bin/../lib/gcc/arm-none-eabi/9.3.1/../../../../arm-none-eabi/lib/thumb/v7-m/nofp\libc_nano.a(lib_a-strlen.o)
 .ARM.attributes
                0x00000433       0x2d d:/armgcc/9 2020-q2-update/bin/../lib/gcc/arm-none-eabi/9.3.1/../../../../arm-none-eabi/lib/thumb/v7-m/nofp\libc_nano.a(lib_a-wbuf.o)
 .ARM.attributes
                0x00000460       0x2d d:/armgcc/9 2020-q2-update/bin/../lib/gcc/arm-none-eabi/9.3.1/../../../../arm-none-eabi/lib/thumb/v7-m/nofp\libc_nano.a(lib_a-wsetup.o)
 .ARM.attributes
                0x0000048d       0x2d d:/armgcc/9 2020-q2-update/bin/../lib/gcc/arm-none-eabi/9.3.1/../../../../arm-none-eabi/lib/thumb/v7-m/nofp\libc_nano.a(lib_a-dtoa.o)
 .ARM.attributes
                0x000004ba       0x2d d:/armgcc/9 2020-q2-update/bin/../lib/gcc/arm-none-eabi/9.3.1/../../../../arm-none-eabi/lib/thumb/v7-m/nofp\libc_nano.a(lib_a-fflush.o)
 .ARM.attributes
                0x000004e7       0x2d d:/armgcc/9 2020-q2-update/bin/../lib/gcc/arm-none-eabi/9.3.1/../../../../arm-none-eabi/lib/thumb/v7-m/nofp\libc_nano.a(lib_a-findfp.o)
 .ARM.attributes
                0x00000514       0x2d d:/armgcc/9 2020-q2-update/bin/../lib/gcc/arm-none-eabi/9.3.1/../../../../arm-none-eabi/lib/thumb/v7-m/nofp\libc_nano.a(lib_a-fwalk.o)
 .ARM.attributes
                0x00000541       0x2d d:/armgcc/9 2020-q2-update/bin/../lib/gcc/arm-none-eabi/9.3.1/../../../../arm-none-eabi/lib/thumb/v7-m/nofp\libc_nano.a(lib_a-localeconv.o)
 .ARM.attributes
                0x0000056e       0x2d d:/armgcc/9 2020-q2-update/bin/../lib/gcc/arm-none-eabi/9.3.1/../../../../arm-none-eabi/lib/thumb/v7-m/nofp\libc_nano.a(lib_a-lock.o)
 .ARM.attributes
                0x0000059b       0x2d d:/armgcc/9 2020-q2-update/bin/../lib/gcc/arm-none-eabi/9.3.1/../../../../arm-none-eabi/lib/thumb/v7-m/nofp\libc_nano.a(lib_a-makebuf.o)
 .ARM.attributes
                0x000005c8       0x2d d:/armgcc/9 2020-q2-update/bin/../lib/gcc/arm-none-eabi/9.3.1/../../../../arm-none-eabi/lib/thumb/v7-m/nofp\libc_nano.a(lib_a-malloc.o)
 .ARM.attributes
                0x000005f5       0x2d d:/armgcc/9 2020-q2-update/bin/../lib/gcc/arm-none-eabi/9.3.1/../../../../arm-none-eabi/lib/thumb/v7-m/nofp\libc_nano.a(lib_a-memchr-stub.o)
 .ARM.attributes
                0x00000622       0x2d d:/armgcc/9 2020-q2-update/bin/../lib/gcc/arm-none-eabi/9.3.1/../../../../arm-none-eabi/lib/thumb/v7-m/nofp\libc_nano.a(lib_a-memcpy-stub.o)
 .ARM.attributes
                0x0000064f       0x2d d:/armgcc/9 2020-q2-update/bin/../lib/gcc/arm-none-eabi/9.3.1/../../../../arm-none-eabi/lib/thumb/v7-m/nofp\libc_nano.a(lib_a-mprec.o)
 .ARM.attributes
                0x0000067c       0x2d d:/armgcc/9 2020-q2-update/bin/../lib/gcc/arm-none-eabi/9.3.1/../../../../arm-none-eabi/lib/thumb/v7-m/nofp\libc_nano.a(lib_a-nano-callocr.o)
 .ARM.attributes
                0x000006a9       0x2d d:/armgcc/9 2020-q2-update/bin/../lib/gcc/arm-none-eabi/9.3.1/../../../../arm-none-eabi/lib/thumb/v7-m/nofp\libc_nano.a(lib_a-nano-freer.o)
 .ARM.attributes
                0x000006d6       0x2d d:/armgcc/9 2020-q2-update/bin/../lib/gcc/arm-none-eabi/9.3.1/../../../../arm-none-eabi/lib/thumb/v7-m/nofp\libc_nano.a(lib_a-nano-mallocr.o)
 .ARM.attributes
                0x00000703       0x2d d:/armgcc/9 2020-q2-update/bin/../lib/gcc/arm-none-eabi/9.3.1/../../../../arm-none-eabi/lib/thumb/v7-m/nofp\libc_nano.a(lib_a-nano-vfprintf.o)
 .ARM.attributes
                0x00000730       0x2d d:/armgcc/9 2020-q2-update/bin/../lib/gcc/arm-none-eabi/9.3.1/../../../../arm-none-eabi/lib/thumb/v7-m/nofp\libc_nano.a(lib_a-sbrkr.o)
 .ARM.attributes
                0x0000075d       0x2d d:/armgcc/9 2020-q2-update/bin/../lib/gcc/arm-none-eabi/9.3.1/../../../../arm-none-eabi/lib/thumb/v7-m/nofp\libc_nano.a(lib_a-stdio.o)
 .ARM.attributes
                0x0000078a       0x2d d:/armgcc/9 2020-q2-update/bin/../lib/gcc/arm-none-eabi/9.3.1/../../../../arm-none-eabi/lib/thumb/v7-m/nofp\libc_nano.a(lib_a-writer.o)
 .ARM.attributes
                0x000007b7       0x2d d:/armgcc/9 2020-q2-update/bin/../lib/gcc/arm-none-eabi/9.3.1/../../../../arm-none-eabi/lib/thumb/v7-m/nofp\libc_nano.a(lib_a-assert.o)
 .ARM.attributes
                0x000007e4       0x2d d:/armgcc/9 2020-q2-update/bin/../lib/gcc/arm-none-eabi/9.3.1/../../../../arm-none-eabi/lib/thumb/v7-m/nofp\libc_nano.a(lib_a-closer.o)
 .ARM.attributes
                0x00000811       0x2d d:/armgcc/9 2020-q2-update/bin/../lib/gcc/arm-none-eabi/9.3.1/../../../../arm-none-eabi/lib/thumb/v7-m/nofp\libc_nano.a(lib_a-fprintf.o)
 .ARM.attributes
                0x0000083e       0x2d d:/armgcc/9 2020-q2-update/bin/../lib/gcc/arm-none-eabi/9.3.1/../../../../arm-none-eabi/lib/thumb/v7-m/nofp\libc_nano.a(lib_a-fstatr.o)
 .ARM.attributes
                0x0000086b       0x2d d:/armgcc/9 2020-q2-update/bin/../lib/gcc/arm-none-eabi/9.3.1/../../../../arm-none-eabi/lib/thumb/v7-m/nofp\libc_nano.a(lib_a-isattyr.o)
 .ARM.attributes
                0x00000898       0x2d d:/armgcc/9 2020-q2-update/bin/../lib/gcc/arm-none-eabi/9.3.1/../../../../arm-none-eabi/lib/thumb/v7-m/nofp\libc_nano.a(lib_a-locale.o)
 .ARM.attributes
                0x000008c5       0x2d d:/armgcc/9 2020-q2-update/bin/../lib/gcc/arm-none-eabi/9.3.1/../../../../arm-none-eabi/lib/thumb/v7-m/nofp\libc_nano.a(lib_a-lseekr.o)
 .ARM.attributes
                0x000008f2       0x2d d:/armgcc/9 2020-q2-update/bin/../lib/gcc/arm-none-eabi/9.3.1/../../../../arm-none-eabi/lib/thumb/v7-m/nofp\libc_nano.a(lib_a-mbtowc_r.o)
 .ARM.attributes
                0x0000091f       0x2d d:/armgcc/9 2020-q2-update/bin/../lib/gcc/arm-none-eabi/9.3.1/../../../../arm-none-eabi/lib/thumb/v7-m/nofp\libc_nano.a(lib_a-mlock.o)
 .ARM.attributes
                0x0000094c       0x2d d:/armgcc/9 2020-q2-update/bin/../lib/gcc/arm-none-eabi/9.3.1/../../../../arm-none-eabi/lib/thumb/v7-m/nofp\libc_nano.a(lib_a-readr.o)
 .ARM.attributes
                0x00000979       0x2d d:/armgcc/9 2020-q2-update/bin/../lib/gcc/arm-none-eabi/9.3.1/../../../../arm-none-eabi/lib/thumb/v7-m/nofp\libc_nano.a(lib_a-reent.o)
 .ARM.attributes
                0x000009a6       0x2d d:/armgcc/9 2020-q2-update/bin/../lib/gcc/arm-none-eabi/9.3.1/../../../../arm-none-eabi/lib/thumb/v7-m/nofp\libc_nano.a(lib_a-wctomb_r.o)
 .ARM.attributes
                0x000009d3       0x2d d:/armgcc/9 2020-q2-update/bin/../lib/gcc/arm-none-eabi/9.3.1/../../../../arm-none-eabi/lib/thumb/v7-m/nofp\libc_nano.a(lib_a-abort.o)
 .ARM.attributes
                0x00000a00       0x2d d:/armgcc/9 2020-q2-update/bin/../lib/gcc/arm-none-eabi/9.3.1/../../../../arm-none-eabi/lib/thumb/v7-m/nofp\libc_nano.a(lib_a-ctype_.o)
 .ARM.attributes
                0x00000a2d       0x2d d:/armgcc/9 2020-q2-update/bin/../lib/gcc/arm-none-eabi/9.3.1/../../../../arm-none-eabi/lib/thumb/v7-m/nofp\libc_nano.a(lib_a-signal.o)
 .ARM.attributes
                0x00000a5a       0x2d d:/armgcc/9 2020-q2-update/bin/../lib/gcc/arm-none-eabi/9.3.1/../../../../arm-none-eabi/lib/thumb/v7-m/nofp\libc_nano.a(lib_a-signalr.o)
 .ARM.attributes
                0x00000a87       0x2d d:/armgcc/9 2020-q2-update/bin/../lib/gcc/arm-none-eabi/9.3.1/../../../../arm-none-eabi/lib/thumb/v7-m/nofp\libnosys.a(close.o)
 .ARM.attributes
                0x00000ab4       0x2d d:/armgcc/9 2020-q2-update/bin/../lib/gcc/arm-none-eabi/9.3.1/../../../../arm-none-eabi/lib/thumb/v7-m/nofp\libnosys.a(fstat.o)
 .ARM.attributes
                0x00000ae1       0x2d d:/armgcc/9 2020-q2-update/bin/../lib/gcc/arm-none-eabi/9.3.1/../../../../arm-none-eabi/lib/thumb/v7-m/nofp\libnosys.a(getpid.o)
 .ARM.attributes
                0x00000b0e       0x2d d:/armgcc/9 2020-q2-update/bin/../lib/gcc/arm-none-eabi/9.3.1/../../../../arm-none-eabi/lib/thumb/v7-m/nofp\libnosys.a(isatty.o)
 .ARM.attributes
                0x00000b3b       0x2d d:/armgcc/9 2020-q2-update/bin/../lib/gcc/arm-none-eabi/9.3.1/../../../../arm-none-eabi/lib/thumb/v7-m/nofp\libnosys.a(kill.o)
 .ARM.attributes
                0x00000b68       0x2d d:/armgcc/9 2020-q2-update/bin/../lib/gcc/arm-none-eabi/9.3.1/../../../../arm-none-eabi/lib/thumb/v7-m/nofp\libnosys.a(lseek.o)
 .ARM.attributes
                0x00000b95       0x2d d:/armgcc/9 2020-q2-update/bin/../lib/gcc/arm-none-eabi/9.3.1/../../../../arm-none-eabi/lib/thumb/v7-m/nofp\libnosys.a(read.o)
 .ARM.attributes
                0x00000bc2       0x2d d:/armgcc/9 2020-q2-update/bin/../lib/gcc/arm-none-eabi/9.3.1/../../../../arm-none-eabi/lib/thumb/v7-m/nofp\libnosys.a(sbrk.o)
 .ARM.attributes
                0x00000bef       0x2d d:/armgcc/9 2020-q2-update/bin/../lib/gcc/arm-none-eabi/9.3.1/../../../../arm-none-eabi/lib/thumb/v7-m/nofp\libnosys.a(_exit.o)
 .ARM.attributes
                0x00000c1c       0x1d d:/armgcc/9 2020-q2-update/bin/../lib/gcc/arm-none-eabi/9.3.1/thumb/v7-m/nofp\libgcc.a(_arm_addsubdf3.o)
 .ARM.attributes
                0x00000c39       0x1d d:/armgcc/9 2020-q2-update/bin/../lib/gcc/arm-none-eabi/9.3.1/thumb/v7-m/nofp\libgcc.a(_arm_muldivdf3.o)
 .ARM.attributes
                0x00000c56       0x1d d:/armgcc/9 2020-q2-update/bin/../lib/gcc/arm-none-eabi/9.3.1/thumb/v7-m/nofp\libgcc.a(_arm_cmpdf2.o)
 .ARM.attributes
                0x00000c73       0x1d d:/armgcc/9 2020-q2-update/bin/../lib/gcc/arm-none-eabi/9.3.1/thumb/v7-m/nofp\libgcc.a(_arm_unorddf2.o)
 .ARM.attributes
                0x00000c90       0x1d d:/armgcc/9 2020-q2-update/bin/../lib/gcc/arm-none-eabi/9.3.1/thumb/v7-m/nofp\libgcc.a(_arm_fixdfsi.o)
 .ARM.attributes
                0x00000cad       0x1d d:/armgcc/9 2020-q2-update/bin/../lib/gcc/arm-none-eabi/9.3.1/thumb/v7-m/nofp\libgcc.a(_arm_fixunsdfsi.o)
 .ARM.attributes
                0x00000cca       0x1d d:/armgcc/9 2020-q2-update/bin/../lib/gcc/arm-none-eabi/9.3.1/thumb/v7-m/nofp/crtn.o
OUTPUT(build/LM75A.elf elf32-littlearm)
LOAD linker stubs
LOAD d:/armgcc/9 2020-q2-update/bin/../lib/gcc/arm-none-eabi/9.3.1/../../../../arm-none-eabi/lib/thumb/v7-m/nofp\libc.a
LOAD d:/armgcc/9 2020-q2-update/bin/../lib/gcc/arm-none-eabi/9.3.1/../../../../arm-none-eabi/lib/thumb/v7-m/nofp\libm.a
LOAD d:/armgcc/9 2020-q2-update/bin/../lib/gcc/arm-none-eabi/9.3.1/thumb/v7-m/nofp\libgcc.a

.debug_info     0x00000000     0xcdd8
 .debug_info    0x00000000     0x1778 build/main.o
 .debug_info    0x00001778      0x3fa build/gpio.o
 .debug_info    0x00001b72      0xa1e build/i2c.o
 .debug_info    0x00002590      0x25f build/stm32f1xx_it.o
 .debug_info    0x000027ef      0x324 build/stm32f1xx_hal_msp.o
 .debug_info    0x00002b13     0x3bbc build/stm32f1xx_hal_i2c.o
 .debug_info    0x000066cf      0x92c build/stm32f1xx_hal.o
 .debug_info    0x00006ffb      0xb59 build/stm32f1xx_hal_rcc.o
 .debug_info    0x00007b54      0x7a8 build/stm32f1xx_hal_gpio.o
 .debug_info    0x000082fc      0xf4f build/stm32f1xx_hal_cortex.o
 .debug_info    0x0000924b      0x4cf build/system_stm32f1xx.o
 .debug_info    0x0000971a      0x813 build/LM75A.o
 .debug_info    0x00009f2d     0x13ef build/usart.o
 .debug_info    0x0000b31c     0x1a9a build/stm32f1xx_hal_uart.o
 .debug_info    0x0000cdb6       0x22 build/startup_stm32f103xe.o

.debug_abbrev   0x00000000     0x1ece
 .debug_abbrev  0x00000000      0x2ab build/main.o
 .debug_abbrev  0x000002ab      0x17e build/gpio.o
 .debug_abbrev  0x00000429      0x1f1 build/i2c.o
 .debug_abbrev  0x0000061a       0xf2 build/stm32f1xx_it.o
 .debug_abbrev  0x0000070c      0x130 build/stm32f1xx_hal_msp.o
 .debug_abbrev  0x0000083c      0x332 build/stm32f1xx_hal_i2c.o
 .debug_abbrev  0x00000b6e      0x22f build/stm32f1xx_hal.o
 .debug_abbrev  0x00000d9d      0x2ad build/stm32f1xx_hal_rcc.o
 .debug_abbrev  0x0000104a      0x24f build/stm32f1xx_hal_gpio.o
 .debug_abbrev  0x00001299      0x37f build/stm32f1xx_hal_cortex.o
 .debug_abbrev  0x00001618      0x153 build/system_stm32f1xx.o
 .debug_abbrev  0x0000176b      0x1a6 build/LM75A.o
 .debug_abbrev  0x00001911      0x2c1 build/usart.o
 .debug_abbrev  0x00001bd2      0x2ea build/stm32f1xx_hal_uart.o
 .debug_abbrev  0x00001ebc       0x12 build/startup_stm32f103xe.o

.debug_loc      0x00000000     0x820a
 .debug_loc     0x00000000       0x89 build/main.o
 .debug_loc     0x00000089       0x38 build/gpio.o
 .debug_loc     0x000000c1      0x108 build/i2c.o
 .debug_loc     0x000001c9       0x20 build/stm32f1xx_it.o
 .debug_loc     0x000001e9       0x41 build/stm32f1xx_hal_msp.o
 .debug_loc     0x0000022a     0x492c build/stm32f1xx_hal_i2c.o
 .debug_loc     0x00004b56      0x1bb build/stm32f1xx_hal.o
 .debug_loc     0x00004d11      0x7c0 build/stm32f1xx_hal_rcc.o
 .debug_loc     0x000054d1      0x501 build/stm32f1xx_hal_gpio.o
 .debug_loc     0x000059d2      0x7af build/stm32f1xx_hal_cortex.o
 .debug_loc     0x00006181       0xff build/system_stm32f1xx.o
 .debug_loc     0x00006280       0x44 build/LM75A.o
 .debug_loc     0x000062c4      0x22b build/usart.o
 .debug_loc     0x000064ef     0x1d1b build/stm32f1xx_hal_uart.o

.debug_aranges  0x00000000      0x868
 .debug_aranges
                0x00000000       0x30 build/main.o
 .debug_aranges
                0x00000030       0x20 build/gpio.o
 .debug_aranges
                0x00000050       0x30 build/i2c.o
 .debug_aranges
                0x00000080       0x60 build/stm32f1xx_it.o
 .debug_aranges
                0x000000e0       0x20 build/stm32f1xx_hal_msp.o
 .debug_aranges
                0x00000100      0x290 build/stm32f1xx_hal_i2c.o
 .debug_aranges
                0x00000390       0xe0 build/stm32f1xx_hal.o
 .debug_aranges
                0x00000470       0x90 build/stm32f1xx_hal_rcc.o
 .debug_aranges
                0x00000500       0x58 build/stm32f1xx_hal_gpio.o
 .debug_aranges
                0x00000558       0x90 build/stm32f1xx_hal_cortex.o
 .debug_aranges
                0x000005e8       0x28 build/system_stm32f1xx.o
 .debug_aranges
                0x00000610       0x20 build/LM75A.o
 .debug_aranges
                0x00000630       0x40 build/usart.o
 .debug_aranges
                0x00000670      0x1d0 build/stm32f1xx_hal_uart.o
 .debug_aranges
                0x00000840       0x28 build/startup_stm32f103xe.o

.debug_ranges   0x00000000      0x818
 .debug_ranges  0x00000000       0x20 build/main.o
 .debug_ranges  0x00000020       0x10 build/gpio.o
 .debug_ranges  0x00000030       0x20 build/i2c.o
 .debug_ranges  0x00000050       0x50 build/stm32f1xx_it.o
 .debug_ranges  0x000000a0       0x10 build/stm32f1xx_hal_msp.o
 .debug_ranges  0x000000b0      0x298 build/stm32f1xx_hal_i2c.o
 .debug_ranges  0x00000348       0xd0 build/stm32f1xx_hal.o
 .debug_ranges  0x00000418       0xa0 build/stm32f1xx_hal_rcc.o
 .debug_ranges  0x000004b8       0x48 build/stm32f1xx_hal_gpio.o
 .debug_ranges  0x00000500       0xe0 build/stm32f1xx_hal_cortex.o
 .debug_ranges  0x000005e0       0x18 build/system_stm32f1xx.o
 .debug_ranges  0x000005f8       0x10 build/LM75A.o
 .debug_ranges  0x00000608       0x30 build/usart.o
 .debug_ranges  0x00000638      0x1c0 build/stm32f1xx_hal_uart.o
 .debug_ranges  0x000007f8       0x20 build/startup_stm32f103xe.o

.debug_line     0x00000000     0x9d55
 .debug_line    0x00000000      0x410 build/main.o
 .debug_line    0x00000410      0x1c8 build/gpio.o
 .debug_line    0x000005d8      0x2d0 build/i2c.o
 .debug_line    0x000008a8      0x253 build/stm32f1xx_it.o
 .debug_line    0x00000afb      0x19a build/stm32f1xx_hal_msp.o
 .debug_line    0x00000c95     0x4f12 build/stm32f1xx_hal_i2c.o
 .debug_line    0x00005ba7      0x4de build/stm32f1xx_hal.o
 .debug_line    0x00006085      0xbff build/stm32f1xx_hal_rcc.o
 .debug_line    0x00006c84      0x5f6 build/stm32f1xx_hal_gpio.o
 .debug_line    0x0000727a      0x638 build/stm32f1xx_hal_cortex.o
 .debug_line    0x000078b2      0x288 build/system_stm32f1xx.o
 .debug_line    0x00007b3a      0x23a build/LM75A.o
 .debug_line    0x00007d74      0x3ce build/usart.o
 .debug_line    0x00008142     0x1ba1 build/stm32f1xx_hal_uart.o
 .debug_line    0x00009ce3       0x72 build/startup_stm32f103xe.o

.debug_str      0x00000000     0x2b33
 .debug_str     0x00000000      0xd9f build/main.o
                                0xe9d (size before relaxing)
 .debug_str     0x00000d9f       0xb3 build/gpio.o
                                0x31f (size before relaxing)
 .debug_str     0x00000e52       0x53 build/i2c.o
                                0x7d8 (size before relaxing)
 .debug_str     0x00000ea5       0xaf build/stm32f1xx_it.o
                                0x2d8 (size before relaxing)
 .debug_str     0x00000f54       0x52 build/stm32f1xx_hal_msp.o
                                0x2c1 (size before relaxing)
 .debug_str     0x00000fa6      0x8e0 build/stm32f1xx_hal_i2c.o
                               0x100a (size before relaxing)
 .debug_str     0x00001886      0x620 build/stm32f1xx_hal.o
                                0x918 (size before relaxing)
 .debug_str     0x00001ea6      0x1d1 build/stm32f1xx_hal_rcc.o
                                0x689 (size before relaxing)
 .debug_str     0x00002077      0x104 build/stm32f1xx_hal_gpio.o
                                0x4a7 (size before relaxing)
 .debug_str     0x0000217b      0x3b8 build/stm32f1xx_hal_cortex.o
                                0xa3a (size before relaxing)
 .debug_str     0x00002533       0x4a build/system_stm32f1xx.o
                                0x316 (size before relaxing)
 .debug_str     0x0000257d       0x13 build/LM75A.o
                                0x71e (size before relaxing)
 .debug_str     0x00002590       0x70 build/usart.o
                                0xb10 (size before relaxing)
 .debug_str     0x00002600      0x50f build/stm32f1xx_hal_uart.o
                                0xc20 (size before relaxing)
 .debug_str     0x00002b0f       0x24 build/startup_stm32f103xe.o
                                 0x44 (size before relaxing)

.comment        0x00000000       0x4c
 .comment       0x00000000       0x4c build/main.o
                                 0x4d (size before relaxing)
 .comment       0x0000004c       0x4d build/gpio.o
 .comment       0x0000004c       0x4d build/i2c.o
 .comment       0x0000004c       0x4d build/stm32f1xx_it.o
 .comment       0x0000004c       0x4d build/stm32f1xx_hal_msp.o
 .comment       0x0000004c       0x4d build/stm32f1xx_hal_i2c.o
 .comment       0x0000004c       0x4d build/stm32f1xx_hal.o
 .comment       0x0000004c       0x4d build/stm32f1xx_hal_rcc.o
 .comment       0x0000004c       0x4d build/stm32f1xx_hal_gpio.o
 .comment       0x0000004c       0x4d build/stm32f1xx_hal_cortex.o
 .comment       0x0000004c       0x4d build/system_stm32f1xx.o
 .comment       0x0000004c       0x4d build/LM75A.o
 .comment       0x0000004c       0x4d build/usart.o
 .comment       0x0000004c       0x4d build/stm32f1xx_hal_uart.o

.debug_frame    0x00000000     0x2894
 .debug_frame   0x00000000       0x5c build/main.o
 .debug_frame   0x0000005c       0x30 build/gpio.o
 .debug_frame   0x0000008c       0x60 build/i2c.o
 .debug_frame   0x000000ec       0xa8 build/stm32f1xx_it.o
 .debug_frame   0x00000194       0x28 build/stm32f1xx_hal_msp.o
 .debug_frame   0x000001bc      0x930 build/stm32f1xx_hal_i2c.o
 .debug_frame   0x00000aec      0x1cc build/stm32f1xx_hal.o
 .debug_frame   0x00000cb8      0x190 build/stm32f1xx_hal_rcc.o
 .debug_frame   0x00000e48       0xe8 build/stm32f1xx_hal_gpio.o
 .debug_frame   0x00000f30      0x12c build/stm32f1xx_hal_cortex.o
 .debug_frame   0x0000105c       0x30 build/system_stm32f1xx.o
 .debug_frame   0x0000108c       0x34 build/LM75A.o
 .debug_frame   0x000010c0       0x98 build/usart.o
 .debug_frame   0x00001158      0x4ec build/stm32f1xx_hal_uart.o
 .debug_frame   0x00001644       0x2c d:/armgcc/9 2020-q2-update/bin/../lib/gcc/arm-none-eabi/9.3.1/../../../../arm-none-eabi/lib/thumb/v7-m/nofp\libc_nano.a(lib_a-init.o)
 .debug_frame   0x00001670       0x20 d:/armgcc/9 2020-q2-update/bin/../lib/gcc/arm-none-eabi/9.3.1/../../../../arm-none-eabi/lib/thumb/v7-m/nofp\libc_nano.a(lib_a-memset.o)
 .debug_frame   0x00001690       0x94 d:/armgcc/9 2020-q2-update/bin/../lib/gcc/arm-none-eabi/9.3.1/../../../../arm-none-eabi/lib/thumb/v7-m/nofp\libc_nano.a(lib_a-nano-vfprintf_float.o)
 .debug_frame   0x00001724       0x60 d:/armgcc/9 2020-q2-update/bin/../lib/gcc/arm-none-eabi/9.3.1/../../../../arm-none-eabi/lib/thumb/v7-m/nofp\libc_nano.a(lib_a-nano-vfprintf_i.o)
 .debug_frame   0x00001784       0x74 d:/armgcc/9 2020-q2-update/bin/../lib/gcc/arm-none-eabi/9.3.1/../../../../arm-none-eabi/lib/thumb/v7-m/nofp\libc_nano.a(lib_a-printf.o)
 .debug_frame   0x000017f8       0x3c d:/armgcc/9 2020-q2-update/bin/../lib/gcc/arm-none-eabi/9.3.1/../../../../arm-none-eabi/lib/thumb/v7-m/nofp\libc_nano.a(lib_a-puts.o)
 .debug_frame   0x00001834       0x40 d:/armgcc/9 2020-q2-update/bin/../lib/gcc/arm-none-eabi/9.3.1/../../../../arm-none-eabi/lib/thumb/v7-m/nofp\libc_nano.a(lib_a-wbuf.o)
 .debug_frame   0x00001874       0x2c d:/armgcc/9 2020-q2-update/bin/../lib/gcc/arm-none-eabi/9.3.1/../../../../arm-none-eabi/lib/thumb/v7-m/nofp\libc_nano.a(lib_a-wsetup.o)
 .debug_frame   0x000018a0       0x6c d:/armgcc/9 2020-q2-update/bin/../lib/gcc/arm-none-eabi/9.3.1/../../../../arm-none-eabi/lib/thumb/v7-m/nofp\libc_nano.a(lib_a-dtoa.o)
 .debug_frame   0x0000190c       0x5c d:/armgcc/9 2020-q2-update/bin/../lib/gcc/arm-none-eabi/9.3.1/../../../../arm-none-eabi/lib/thumb/v7-m/nofp\libc_nano.a(lib_a-fflush.o)
 .debug_frame   0x00001968      0x14c d:/armgcc/9 2020-q2-update/bin/../lib/gcc/arm-none-eabi/9.3.1/../../../../arm-none-eabi/lib/thumb/v7-m/nofp\libc_nano.a(lib_a-findfp.o)
 .debug_frame   0x00001ab4       0x54 d:/armgcc/9 2020-q2-update/bin/../lib/gcc/arm-none-eabi/9.3.1/../../../../arm-none-eabi/lib/thumb/v7-m/nofp\libc_nano.a(lib_a-fwalk.o)
 .debug_frame   0x00001b08       0x40 d:/armgcc/9 2020-q2-update/bin/../lib/gcc/arm-none-eabi/9.3.1/../../../../arm-none-eabi/lib/thumb/v7-m/nofp\libc_nano.a(lib_a-localeconv.o)
 .debug_frame   0x00001b48       0xb0 d:/armgcc/9 2020-q2-update/bin/../lib/gcc/arm-none-eabi/9.3.1/../../../../arm-none-eabi/lib/thumb/v7-m/nofp\libc_nano.a(lib_a-lock.o)
 .debug_frame   0x00001bf8       0x58 d:/armgcc/9 2020-q2-update/bin/../lib/gcc/arm-none-eabi/9.3.1/../../../../arm-none-eabi/lib/thumb/v7-m/nofp\libc_nano.a(lib_a-makebuf.o)
 .debug_frame   0x00001c50       0x30 d:/armgcc/9 2020-q2-update/bin/../lib/gcc/arm-none-eabi/9.3.1/../../../../arm-none-eabi/lib/thumb/v7-m/nofp\libc_nano.a(lib_a-malloc.o)
 .debug_frame   0x00001c80       0x28 d:/armgcc/9 2020-q2-update/bin/../lib/gcc/arm-none-eabi/9.3.1/../../../../arm-none-eabi/lib/thumb/v7-m/nofp\libc_nano.a(lib_a-memchr-stub.o)
 .debug_frame   0x00001ca8       0x28 d:/armgcc/9 2020-q2-update/bin/../lib/gcc/arm-none-eabi/9.3.1/../../../../arm-none-eabi/lib/thumb/v7-m/nofp\libc_nano.a(lib_a-memcpy-stub.o)
 .debug_frame   0x00001cd0      0x254 d:/armgcc/9 2020-q2-update/bin/../lib/gcc/arm-none-eabi/9.3.1/../../../../arm-none-eabi/lib/thumb/v7-m/nofp\libc_nano.a(lib_a-mprec.o)
 .debug_frame   0x00001f24       0x2c d:/armgcc/9 2020-q2-update/bin/../lib/gcc/arm-none-eabi/9.3.1/../../../../arm-none-eabi/lib/thumb/v7-m/nofp\libc_nano.a(lib_a-nano-callocr.o)
 .debug_frame   0x00001f50       0x38 d:/armgcc/9 2020-q2-update/bin/../lib/gcc/arm-none-eabi/9.3.1/../../../../arm-none-eabi/lib/thumb/v7-m/nofp\libc_nano.a(lib_a-nano-freer.o)
 .debug_frame   0x00001f88       0x30 d:/armgcc/9 2020-q2-update/bin/../lib/gcc/arm-none-eabi/9.3.1/../../../../arm-none-eabi/lib/thumb/v7-m/nofp\libc_nano.a(lib_a-nano-mallocr.o)
 .debug_frame   0x00001fb8       0xac d:/armgcc/9 2020-q2-update/bin/../lib/gcc/arm-none-eabi/9.3.1/../../../../arm-none-eabi/lib/thumb/v7-m/nofp\libc_nano.a(lib_a-nano-vfprintf.o)
 .debug_frame   0x00002064       0x2c d:/armgcc/9 2020-q2-update/bin/../lib/gcc/arm-none-eabi/9.3.1/../../../../arm-none-eabi/lib/thumb/v7-m/nofp\libc_nano.a(lib_a-sbrkr.o)
 .debug_frame   0x00002090       0x88 d:/armgcc/9 2020-q2-update/bin/../lib/gcc/arm-none-eabi/9.3.1/../../../../arm-none-eabi/lib/thumb/v7-m/nofp\libc_nano.a(lib_a-stdio.o)
 .debug_frame   0x00002118       0x2c d:/armgcc/9 2020-q2-update/bin/../lib/gcc/arm-none-eabi/9.3.1/../../../../arm-none-eabi/lib/thumb/v7-m/nofp\libc_nano.a(lib_a-writer.o)
 .debug_frame   0x00002144       0x40 d:/armgcc/9 2020-q2-update/bin/../lib/gcc/arm-none-eabi/9.3.1/../../../../arm-none-eabi/lib/thumb/v7-m/nofp\libc_nano.a(lib_a-assert.o)
 .debug_frame   0x00002184       0x2c d:/armgcc/9 2020-q2-update/bin/../lib/gcc/arm-none-eabi/9.3.1/../../../../arm-none-eabi/lib/thumb/v7-m/nofp\libc_nano.a(lib_a-closer.o)
 .debug_frame   0x000021b0       0x64 d:/armgcc/9 2020-q2-update/bin/../lib/gcc/arm-none-eabi/9.3.1/../../../../arm-none-eabi/lib/thumb/v7-m/nofp\libc_nano.a(lib_a-fprintf.o)
 .debug_frame   0x00002214       0x2c d:/armgcc/9 2020-q2-update/bin/../lib/gcc/arm-none-eabi/9.3.1/../../../../arm-none-eabi/lib/thumb/v7-m/nofp\libc_nano.a(lib_a-fstatr.o)
 .debug_frame   0x00002240       0x2c d:/armgcc/9 2020-q2-update/bin/../lib/gcc/arm-none-eabi/9.3.1/../../../../arm-none-eabi/lib/thumb/v7-m/nofp\libc_nano.a(lib_a-isattyr.o)
 .debug_frame   0x0000226c       0x48 d:/armgcc/9 2020-q2-update/bin/../lib/gcc/arm-none-eabi/9.3.1/../../../../arm-none-eabi/lib/thumb/v7-m/nofp\libc_nano.a(lib_a-locale.o)
 .debug_frame   0x000022b4       0x2c d:/armgcc/9 2020-q2-update/bin/../lib/gcc/arm-none-eabi/9.3.1/../../../../arm-none-eabi/lib/thumb/v7-m/nofp\libc_nano.a(lib_a-lseekr.o)
 .debug_frame   0x000022e0       0x48 d:/armgcc/9 2020-q2-update/bin/../lib/gcc/arm-none-eabi/9.3.1/../../../../arm-none-eabi/lib/thumb/v7-m/nofp\libc_nano.a(lib_a-mbtowc_r.o)
 .debug_frame   0x00002328       0x30 d:/armgcc/9 2020-q2-update/bin/../lib/gcc/arm-none-eabi/9.3.1/../../../../arm-none-eabi/lib/thumb/v7-m/nofp\libc_nano.a(lib_a-mlock.o)
 .debug_frame   0x00002358       0x2c d:/armgcc/9 2020-q2-update/bin/../lib/gcc/arm-none-eabi/9.3.1/../../../../arm-none-eabi/lib/thumb/v7-m/nofp\libc_nano.a(lib_a-readr.o)
 .debug_frame   0x00002384       0x5c d:/armgcc/9 2020-q2-update/bin/../lib/gcc/arm-none-eabi/9.3.1/../../../../arm-none-eabi/lib/thumb/v7-m/nofp\libc_nano.a(lib_a-reent.o)
 .debug_frame   0x000023e0       0x3c d:/armgcc/9 2020-q2-update/bin/../lib/gcc/arm-none-eabi/9.3.1/../../../../arm-none-eabi/lib/thumb/v7-m/nofp\libc_nano.a(lib_a-wctomb_r.o)
 .debug_frame   0x0000241c       0x28 d:/armgcc/9 2020-q2-update/bin/../lib/gcc/arm-none-eabi/9.3.1/../../../../arm-none-eabi/lib/thumb/v7-m/nofp\libc_nano.a(lib_a-abort.o)
 .debug_frame   0x00002444       0xcc d:/armgcc/9 2020-q2-update/bin/../lib/gcc/arm-none-eabi/9.3.1/../../../../arm-none-eabi/lib/thumb/v7-m/nofp\libc_nano.a(lib_a-signal.o)
 .debug_frame   0x00002510       0x3c d:/armgcc/9 2020-q2-update/bin/../lib/gcc/arm-none-eabi/9.3.1/../../../../arm-none-eabi/lib/thumb/v7-m/nofp\libc_nano.a(lib_a-signalr.o)
 .debug_frame   0x0000254c       0x20 d:/armgcc/9 2020-q2-update/bin/../lib/gcc/arm-none-eabi/9.3.1/../../../../arm-none-eabi/lib/thumb/v7-m/nofp\libnosys.a(close.o)
 .debug_frame   0x0000256c       0x20 d:/armgcc/9 2020-q2-update/bin/../lib/gcc/arm-none-eabi/9.3.1/../../../../arm-none-eabi/lib/thumb/v7-m/nofp\libnosys.a(fstat.o)
 .debug_frame   0x0000258c       0x20 d:/armgcc/9 2020-q2-update/bin/../lib/gcc/arm-none-eabi/9.3.1/../../../../arm-none-eabi/lib/thumb/v7-m/nofp\libnosys.a(getpid.o)
 .debug_frame   0x000025ac       0x20 d:/armgcc/9 2020-q2-update/bin/../lib/gcc/arm-none-eabi/9.3.1/../../../../arm-none-eabi/lib/thumb/v7-m/nofp\libnosys.a(isatty.o)
 .debug_frame   0x000025cc       0x20 d:/armgcc/9 2020-q2-update/bin/../lib/gcc/arm-none-eabi/9.3.1/../../../../arm-none-eabi/lib/thumb/v7-m/nofp\libnosys.a(kill.o)
 .debug_frame   0x000025ec       0x20 d:/armgcc/9 2020-q2-update/bin/../lib/gcc/arm-none-eabi/9.3.1/../../../../arm-none-eabi/lib/thumb/v7-m/nofp\libnosys.a(lseek.o)
 .debug_frame   0x0000260c       0x20 d:/armgcc/9 2020-q2-update/bin/../lib/gcc/arm-none-eabi/9.3.1/../../../../arm-none-eabi/lib/thumb/v7-m/nofp\libnosys.a(read.o)
 .debug_frame   0x0000262c       0x20 d:/armgcc/9 2020-q2-update/bin/../lib/gcc/arm-none-eabi/9.3.1/../../../../arm-none-eabi/lib/thumb/v7-m/nofp\libnosys.a(sbrk.o)
 .debug_frame   0x0000264c       0x20 d:/armgcc/9 2020-q2-update/bin/../lib/gcc/arm-none-eabi/9.3.1/../../../../arm-none-eabi/lib/thumb/v7-m/nofp\libnosys.a(_exit.o)
 .debug_frame   0x0000266c       0xac d:/armgcc/9 2020-q2-update/bin/../lib/gcc/arm-none-eabi/9.3.1/thumb/v7-m/nofp\libgcc.a(_arm_addsubdf3.o)
 .debug_frame   0x00002718       0x50 d:/armgcc/9 2020-q2-update/bin/../lib/gcc/arm-none-eabi/9.3.1/thumb/v7-m/nofp\libgcc.a(_arm_muldivdf3.o)
 .debug_frame   0x00002768       0xc4 d:/armgcc/9 2020-q2-update/bin/../lib/gcc/arm-none-eabi/9.3.1/thumb/v7-m/nofp\libgcc.a(_arm_cmpdf2.o)
 .debug_frame   0x0000282c       0x20 d:/armgcc/9 2020-q2-update/bin/../lib/gcc/arm-none-eabi/9.3.1/thumb/v7-m/nofp\libgcc.a(_arm_unorddf2.o)
 .debug_frame   0x0000284c       0x24 d:/armgcc/9 2020-q2-update/bin/../lib/gcc/arm-none-eabi/9.3.1/thumb/v7-m/nofp\libgcc.a(_arm_fixdfsi.o)
 .debug_frame   0x00002870       0x24 d:/armgcc/9 2020-q2-update/bin/../lib/gcc/arm-none-eabi/9.3.1/thumb/v7-m/nofp\libgcc.a(_arm_fixunsdfsi.o)

.stab           0x00000000       0xb4
 .stab          0x00000000       0x24 d:/armgcc/9 2020-q2-update/bin/../lib/gcc/arm-none-eabi/9.3.1/../../../../arm-none-eabi/lib/thumb/v7-m/nofp\libnosys.a(close.o)
 .stab          0x00000024       0x18 d:/armgcc/9 2020-q2-update/bin/../lib/gcc/arm-none-eabi/9.3.1/../../../../arm-none-eabi/lib/thumb/v7-m/nofp\libnosys.a(fstat.o)
                                 0x24 (size before relaxing)
 .stab          0x0000003c       0x18 d:/armgcc/9 2020-q2-update/bin/../lib/gcc/arm-none-eabi/9.3.1/../../../../arm-none-eabi/lib/thumb/v7-m/nofp\libnosys.a(getpid.o)
                                 0x24 (size before relaxing)
 .stab          0x00000054       0x18 d:/armgcc/9 2020-q2-update/bin/../lib/gcc/arm-none-eabi/9.3.1/../../../../arm-none-eabi/lib/thumb/v7-m/nofp\libnosys.a(isatty.o)
                                 0x24 (size before relaxing)
 .stab          0x0000006c       0x18 d:/armgcc/9 2020-q2-update/bin/../lib/gcc/arm-none-eabi/9.3.1/../../../../arm-none-eabi/lib/thumb/v7-m/nofp\libnosys.a(kill.o)
                                 0x24 (size before relaxing)
 .stab          0x00000084       0x18 d:/armgcc/9 2020-q2-update/bin/../lib/gcc/arm-none-eabi/9.3.1/../../../../arm-none-eabi/lib/thumb/v7-m/nofp\libnosys.a(lseek.o)
                                 0x24 (size before relaxing)
 .stab          0x0000009c       0x18 d:/armgcc/9 2020-q2-update/bin/../lib/gcc/arm-none-eabi/9.3.1/../../../../arm-none-eabi/lib/thumb/v7-m/nofp\libnosys.a(read.o)
                                 0x24 (size before relaxing)

.stabstr        0x00000000      0x183
 .stabstr       0x00000000      0x183 d:/armgcc/9 2020-q2-update/bin/../lib/gcc/arm-none-eabi/9.3.1/../../../../arm-none-eabi/lib/thumb/v7-m/nofp\libnosys.a(close.o)

Cross Reference Table

Symbol                                            File
ADC1_2_IRQHandler                                 build/startup_stm32f103xe.o
ADC3_IRQHandler                                   build/startup_stm32f103xe.o
AHBPrescTable                                     build/system_stm32f1xx.o
                                                  build/stm32f1xx_hal_rcc.o
APBPrescTable                                     build/system_stm32f1xx.o
                                                  build/stm32f1xx_hal_rcc.o
BusFault_Handler                                  build/stm32f1xx_it.o
CAN1_RX1_IRQHandler                               build/startup_stm32f103xe.o
CAN1_SCE_IRQHandler                               build/startup_stm32f103xe.o
DMA1_Channel1_IRQHandler                          build/startup_stm32f103xe.o
DMA1_Channel2_IRQHandler                          build/startup_stm32f103xe.o
DMA1_Channel3_IRQHandler                          build/startup_stm32f103xe.o
DMA1_Channel4_IRQHandler                          build/startup_stm32f103xe.o
DMA1_Channel5_IRQHandler                          build/startup_stm32f103xe.o
DMA1_Channel6_IRQHandler                          build/startup_stm32f103xe.o
DMA1_Channel7_IRQHandler                          build/startup_stm32f103xe.o
DMA2_Channel1_IRQHandler                          build/startup_stm32f103xe.o
DMA2_Channel2_IRQHandler                          build/startup_stm32f103xe.o
DMA2_Channel3_IRQHandler                          build/startup_stm32f103xe.o
DMA2_Channel4_5_IRQHandler                        build/startup_stm32f103xe.o
DebugMon_Handler                                  build/stm32f1xx_it.o
Default_Handler                                   build/startup_stm32f103xe.o
EXTI0_IRQHandler                                  build/startup_stm32f103xe.o
EXTI15_10_IRQHandler                              build/startup_stm32f103xe.o
EXTI1_IRQHandler                                  build/startup_stm32f103xe.o
EXTI2_IRQHandler                                  build/startup_stm32f103xe.o
EXTI3_IRQHandler                                  build/startup_stm32f103xe.o
EXTI4_IRQHandler                                  build/startup_stm32f103xe.o
EXTI9_5_IRQHandler                                build/startup_stm32f103xe.o
Error_Handler                                     build/main.o
                                                  build/usart.o
                                                  build/i2c.o
FLASH_IRQHandler                                  build/startup_stm32f103xe.o
FLASH_PageErase                                   build/stm32f1xx_hal_flash_ex.o
                                                  build/stm32f1xx_hal_flash.o
FLASH_WaitForLastOperation                        build/stm32f1xx_hal_flash.o
                                                  build/stm32f1xx_hal_flash_ex.o
FSMC_IRQHandler                                   build/startup_stm32f103xe.o
HAL_DBGMCU_DisableDBGSleepMode                    build/stm32f1xx_hal.o
HAL_DBGMCU_DisableDBGStandbyMode                  build/stm32f1xx_hal.o
HAL_DBGMCU_DisableDBGStopMode                     build/stm32f1xx_hal.o
HAL_DBGMCU_EnableDBGSleepMode                     build/stm32f1xx_hal.o
HAL_DBGMCU_EnableDBGStandbyMode                   build/stm32f1xx_hal.o
HAL_DBGMCU_EnableDBGStopMode                      build/stm32f1xx_hal.o
HAL_DMA_Abort                                     build/stm32f1xx_hal_dma.o
                                                  build/stm32f1xx_hal_uart.o
HAL_DMA_Abort_IT                                  build/stm32f1xx_hal_dma.o
                                                  build/stm32f1xx_hal_uart.o
                                                  build/stm32f1xx_hal_i2c.o
HAL_DMA_DeInit                                    build/stm32f1xx_hal_dma.o
HAL_DMA_GetError                                  build/stm32f1xx_hal_dma.o
                                                  build/stm32f1xx_hal_uart.o
HAL_DMA_GetState                                  build/stm32f1xx_hal_dma.o
                                                  build/stm32f1xx_hal_i2c.o
HAL_DMA_IRQHandler                                build/stm32f1xx_hal_dma.o
HAL_DMA_Init                                      build/stm32f1xx_hal_dma.o
HAL_DMA_PollForTransfer                           build/stm32f1xx_hal_dma.o
HAL_DMA_RegisterCallback                          build/stm32f1xx_hal_dma.o
HAL_DMA_Start                                     build/stm32f1xx_hal_dma.o
HAL_DMA_Start_IT                                  build/stm32f1xx_hal_dma.o
                                                  build/stm32f1xx_hal_uart.o
                                                  build/stm32f1xx_hal_i2c.o
HAL_DMA_UnRegisterCallback                        build/stm32f1xx_hal_dma.o
HAL_DeInit                                        build/stm32f1xx_hal.o
HAL_Delay                                         build/stm32f1xx_hal.o
                                                  build/main.o
HAL_EXTI_ClearConfigLine                          build/stm32f1xx_hal_exti.o
HAL_EXTI_ClearPending                             build/stm32f1xx_hal_exti.o
HAL_EXTI_GenerateSWI                              build/stm32f1xx_hal_exti.o
HAL_EXTI_GetConfigLine                            build/stm32f1xx_hal_exti.o
HAL_EXTI_GetHandle                                build/stm32f1xx_hal_exti.o
HAL_EXTI_GetPending                               build/stm32f1xx_hal_exti.o
HAL_EXTI_IRQHandler                               build/stm32f1xx_hal_exti.o
HAL_EXTI_RegisterCallback                         build/stm32f1xx_hal_exti.o
HAL_EXTI_SetConfigLine                            build/stm32f1xx_hal_exti.o
HAL_FLASHEx_Erase                                 build/stm32f1xx_hal_flash_ex.o
HAL_FLASHEx_Erase_IT                              build/stm32f1xx_hal_flash_ex.o
HAL_FLASHEx_OBErase                               build/stm32f1xx_hal_flash_ex.o
HAL_FLASHEx_OBGetConfig                           build/stm32f1xx_hal_flash_ex.o
HAL_FLASHEx_OBGetUserData                         build/stm32f1xx_hal_flash_ex.o
HAL_FLASHEx_OBProgram                             build/stm32f1xx_hal_flash_ex.o
HAL_FLASH_EndOfOperationCallback                  build/stm32f1xx_hal_flash.o
HAL_FLASH_GetError                                build/stm32f1xx_hal_flash.o
HAL_FLASH_IRQHandler                              build/stm32f1xx_hal_flash.o
HAL_FLASH_Lock                                    build/stm32f1xx_hal_flash.o
HAL_FLASH_OB_Launch                               build/stm32f1xx_hal_flash.o
HAL_FLASH_OB_Lock                                 build/stm32f1xx_hal_flash.o
HAL_FLASH_OB_Unlock                               build/stm32f1xx_hal_flash.o
HAL_FLASH_OperationErrorCallback                  build/stm32f1xx_hal_flash.o
HAL_FLASH_Program                                 build/stm32f1xx_hal_flash.o
HAL_FLASH_Program_IT                              build/stm32f1xx_hal_flash.o
HAL_FLASH_Unlock                                  build/stm32f1xx_hal_flash.o
HAL_GPIOEx_ConfigEventout                         build/stm32f1xx_hal_gpio_ex.o
HAL_GPIOEx_DisableEventout                        build/stm32f1xx_hal_gpio_ex.o
HAL_GPIOEx_EnableEventout                         build/stm32f1xx_hal_gpio_ex.o
HAL_GPIO_DeInit                                   build/stm32f1xx_hal_gpio.o
                                                  build/usart.o
                                                  build/i2c.o
HAL_GPIO_EXTI_Callback                            build/stm32f1xx_hal_gpio.o
HAL_GPIO_EXTI_IRQHandler                          build/stm32f1xx_hal_gpio.o
HAL_GPIO_Init                                     build/stm32f1xx_hal_gpio.o
                                                  build/usart.o
                                                  build/stm32f1xx_hal_rcc.o
                                                  build/i2c.o
                                                  build/gpio.o
HAL_GPIO_LockPin                                  build/stm32f1xx_hal_gpio.o
HAL_GPIO_ReadPin                                  build/stm32f1xx_hal_gpio.o
HAL_GPIO_TogglePin                                build/stm32f1xx_hal_gpio.o
                                                  build/main.o
HAL_GPIO_WritePin                                 build/stm32f1xx_hal_gpio.o
                                                  build/gpio.o
HAL_GetDEVID                                      build/stm32f1xx_hal.o
HAL_GetHalVersion                                 build/stm32f1xx_hal.o
HAL_GetREVID                                      build/stm32f1xx_hal.o
HAL_GetTick                                       build/stm32f1xx_hal.o
                                                  build/stm32f1xx_hal_uart.o
                                                  build/stm32f1xx_hal_flash.o
                                                  build/stm32f1xx_hal_dma.o
                                                  build/stm32f1xx_hal_rcc_ex.o
                                                  build/stm32f1xx_hal_rcc.o
                                                  build/stm32f1xx_hal_i2c.o
HAL_GetTickFreq                                   build/stm32f1xx_hal.o
HAL_GetTickPrio                                   build/stm32f1xx_hal.o
HAL_GetUIDw0                                      build/stm32f1xx_hal.o
HAL_GetUIDw1                                      build/stm32f1xx_hal.o
HAL_GetUIDw2                                      build/stm32f1xx_hal.o
HAL_HalfDuplex_EnableReceiver                     build/stm32f1xx_hal_uart.o
HAL_HalfDuplex_EnableTransmitter                  build/stm32f1xx_hal_uart.o
HAL_HalfDuplex_Init                               build/stm32f1xx_hal_uart.o
HAL_I2C_AbortCpltCallback                         build/stm32f1xx_hal_i2c.o
HAL_I2C_AddrCallback                              build/stm32f1xx_hal_i2c.o
HAL_I2C_DeInit                                    build/stm32f1xx_hal_i2c.o
HAL_I2C_DisableListen_IT                          build/stm32f1xx_hal_i2c.o
HAL_I2C_ER_IRQHandler                             build/stm32f1xx_hal_i2c.o
HAL_I2C_EV_IRQHandler                             build/stm32f1xx_hal_i2c.o
HAL_I2C_EnableListen_IT                           build/stm32f1xx_hal_i2c.o
HAL_I2C_ErrorCallback                             build/stm32f1xx_hal_i2c.o
HAL_I2C_GetError                                  build/stm32f1xx_hal_i2c.o
HAL_I2C_GetMode                                   build/stm32f1xx_hal_i2c.o
HAL_I2C_GetState                                  build/stm32f1xx_hal_i2c.o